Archive member included to satisfy reference by file (symbol)

C:/Users/wilto/.pico-sdk/toolchain/14_2_Rel1/bin/../lib/gcc/arm-none-eabi/14.2.1/thumb/v6-m/nofp\libgcc.a(_dvmd_tls.o)
                              CMakeFiles/Usar_SSD.dir/C_/Users/wilto/.pico-sdk/sdk/2.1.1/src/rp2_common/pico_divider/divider_hardware.S.obj (__aeabi_idiv0)
C:/Users/wilto/.pico-sdk/toolchain/14_2_Rel1/bin/../lib/gcc/arm-none-eabi/14.2.1/thumb/v6-m/nofp\libg.a(libc_a-atoi.o)
                              CMakeFiles/Usar_SSD.dir/Cartao_FatFS_SPI.c.obj (atoi)
C:/Users/wilto/.pico-sdk/toolchain/14_2_Rel1/bin/../lib/gcc/arm-none-eabi/14.2.1/thumb/v6-m/nofp\libg.a(libc_a-calloc.o)
                              CMakeFiles/Usar_SSD.dir/C_/Users/wilto/.pico-sdk/sdk/2.1.1/src/rp2_common/pico_malloc/malloc.c.obj (calloc)
C:/Users/wilto/.pico-sdk/toolchain/14_2_Rel1/bin/../lib/gcc/arm-none-eabi/14.2.1/thumb/v6-m/nofp\libg.a(libc_a-callocr.o)
                              C:/Users/wilto/.pico-sdk/toolchain/14_2_Rel1/bin/../lib/gcc/arm-none-eabi/14.2.1/thumb/v6-m/nofp\libg.a(libc_a-calloc.o) (_calloc_r)
C:/Users/wilto/.pico-sdk/toolchain/14_2_Rel1/bin/../lib/gcc/arm-none-eabi/14.2.1/thumb/v6-m/nofp\libg.a(libc_a-malloc.o)
                              CMakeFiles/Usar_SSD.dir/C_/Users/wilto/.pico-sdk/sdk/2.1.1/src/rp2_common/pico_malloc/malloc.c.obj (malloc)
C:/Users/wilto/.pico-sdk/toolchain/14_2_Rel1/bin/../lib/gcc/arm-none-eabi/14.2.1/thumb/v6-m/nofp\libg.a(libc_a-mallocr.o)
                              C:/Users/wilto/.pico-sdk/toolchain/14_2_Rel1/bin/../lib/gcc/arm-none-eabi/14.2.1/thumb/v6-m/nofp\libg.a(libc_a-callocr.o) (_malloc_r)
C:/Users/wilto/.pico-sdk/toolchain/14_2_Rel1/bin/../lib/gcc/arm-none-eabi/14.2.1/thumb/v6-m/nofp\libg.a(libc_a-mlock.o)
                              C:/Users/wilto/.pico-sdk/toolchain/14_2_Rel1/bin/../lib/gcc/arm-none-eabi/14.2.1/thumb/v6-m/nofp\libg.a(libc_a-mallocr.o) (__malloc_lock)
C:/Users/wilto/.pico-sdk/toolchain/14_2_Rel1/bin/../lib/gcc/arm-none-eabi/14.2.1/thumb/v6-m/nofp\libg.a(libc_a-realloc.o)
                              CMakeFiles/Usar_SSD.dir/C_/Users/wilto/.pico-sdk/sdk/2.1.1/src/rp2_common/pico_malloc/malloc.c.obj (realloc)
C:/Users/wilto/.pico-sdk/toolchain/14_2_Rel1/bin/../lib/gcc/arm-none-eabi/14.2.1/thumb/v6-m/nofp\libg.a(libc_a-reallocr.o)
                              C:/Users/wilto/.pico-sdk/toolchain/14_2_Rel1/bin/../lib/gcc/arm-none-eabi/14.2.1/thumb/v6-m/nofp\libg.a(libc_a-realloc.o) (_realloc_r)
C:/Users/wilto/.pico-sdk/toolchain/14_2_Rel1/bin/../lib/gcc/arm-none-eabi/14.2.1/thumb/v6-m/nofp\libg.a(libc_a-strtol.o)
                              C:/Users/wilto/.pico-sdk/toolchain/14_2_Rel1/bin/../lib/gcc/arm-none-eabi/14.2.1/thumb/v6-m/nofp\libg.a(libc_a-atoi.o) (_strtol_r)
C:/Users/wilto/.pico-sdk/toolchain/14_2_Rel1/bin/../lib/gcc/arm-none-eabi/14.2.1/thumb/v6-m/nofp\libg.a(libc_a-ctype_.o)
                              CMakeFiles/Usar_SSD.dir/Cartao_FatFS_SPI.c.obj (_ctype_)
C:/Users/wilto/.pico-sdk/toolchain/14_2_Rel1/bin/../lib/gcc/arm-none-eabi/14.2.1/thumb/v6-m/nofp\libg.a(libc_a-fflush.o)
                              CMakeFiles/Usar_SSD.dir/lib/FatFs_SPI/sd_driver/demo_logging.c.obj (fflush)
C:/Users/wilto/.pico-sdk/toolchain/14_2_Rel1/bin/../lib/gcc/arm-none-eabi/14.2.1/thumb/v6-m/nofp\libg.a(libc_a-findfp.o)
                              C:/Users/wilto/.pico-sdk/toolchain/14_2_Rel1/bin/../lib/gcc/arm-none-eabi/14.2.1/thumb/v6-m/nofp\libg.a(libc_a-fflush.o) (__sglue)
C:/Users/wilto/.pico-sdk/toolchain/14_2_Rel1/bin/../lib/gcc/arm-none-eabi/14.2.1/thumb/v6-m/nofp\libg.a(libc_a-fwalk.o)
                              C:/Users/wilto/.pico-sdk/toolchain/14_2_Rel1/bin/../lib/gcc/arm-none-eabi/14.2.1/thumb/v6-m/nofp\libg.a(libc_a-fflush.o) (_fwalk_sglue)
C:/Users/wilto/.pico-sdk/toolchain/14_2_Rel1/bin/../lib/gcc/arm-none-eabi/14.2.1/thumb/v6-m/nofp\libg.a(libc_a-stdio.o)
                              C:/Users/wilto/.pico-sdk/toolchain/14_2_Rel1/bin/../lib/gcc/arm-none-eabi/14.2.1/thumb/v6-m/nofp\libg.a(libc_a-findfp.o) (__sread)
C:/Users/wilto/.pico-sdk/toolchain/14_2_Rel1/bin/../lib/gcc/arm-none-eabi/14.2.1/thumb/v6-m/nofp\libg.a(libc_a-memcmp.o)
                              CMakeFiles/Usar_SSD.dir/C_/Users/wilto/.pico-sdk/sdk/2.1.1/src/rp2_common/pico_atomic/atomic.c.obj (memcmp)
C:/Users/wilto/.pico-sdk/toolchain/14_2_Rel1/bin/../lib/gcc/arm-none-eabi/14.2.1/thumb/v6-m/nofp\libg.a(libc_a-memmove.o)
                              C:/Users/wilto/.pico-sdk/toolchain/14_2_Rel1/bin/../lib/gcc/arm-none-eabi/14.2.1/thumb/v6-m/nofp\libg.a(libc_a-reallocr.o) (memmove)
C:/Users/wilto/.pico-sdk/toolchain/14_2_Rel1/bin/../lib/gcc/arm-none-eabi/14.2.1/thumb/v6-m/nofp\libg.a(libc_a-strchr.o)
                              CMakeFiles/Usar_SSD.dir/lib/FatFs_SPI/ff15/source/ff.c.obj (strchr)
C:/Users/wilto/.pico-sdk/toolchain/14_2_Rel1/bin/../lib/gcc/arm-none-eabi/14.2.1/thumb/v6-m/nofp\libg.a(libc_a-strncpy.o)
[...]
Memory Configuration

Name             Origin             Length             Attributes
FLASH            0x10000000         0x00200000         xr
RAM              0x20000000         0x00040000         xrw
SCRATCH_X        0x20040000         0x00001000         xrw
SCRATCH_Y        0x20041000         0x00001000         xrw
*default*        0x00000000         0xffffffff

Linker script and memory map

LOAD C:/Users/wilto/.pico-sdk/toolchain/14_2_Rel1/bin/../lib/gcc/arm-none-eabi/14.2.1/thumb/v6-m/nofp/crti.o
LOAD C:/Users/wilto/.pico-sdk/toolchain/14_2_Rel1/bin/../lib/gcc/arm-none-eabi/14.2.1/thumb/v6-m/nofp/crtbegin.o
LOAD C:/Users/wilto/.pico-sdk/toolchain/14_2_Rel1/bin/../lib/gcc/arm-none-eabi/14.2.1/thumb/v6-m/nofp/crt0.o

.flash_begin    0x10000000        0x0
                0x10000000                        __flash_binary_start = .

.boot2          0x10000000      0x100
                0x10000000                        __boot2_start__ = .
 *(.boot2)
 .boot2         0x10000000      0x100 pico-sdk/src/rp2040/boot_stage2/CMakeFiles/bs2_default_library.dir/./bs2_default_padded_checksummed.S.obj
                0x10000100                        __boot2_end__ = .
                0x00000001                        ASSERT (((__boot2_end__ - __boot2_start__) == 0x100), ERROR: Pico second stage bootloader must be 256 bytes in size)

.text           0x10000100    0x12204
                0x10000100                        __logical_binary_start = .
 *(.vectors)
 .vectors       0x10000100       0xd4 CMakeFiles/Usar_SSD.dir/C_/Users/wilto/.pico-sdk/sdk/2.1.1/src/rp2_common/pico_crt0/crt0.S.obj
                0x10000100                __VECTOR_TABLE
                0x10000100                __vectors
                0x100001c0                isr_invalid
                0x100001c0                __default_isrs_start
                0x100001c2                isr_nmi
                0x100001c4                isr_hardfault
                0x100001c6                isr_svcall
                0x100001c8                isr_pendsv
                0x100001ca                isr_systick
                0x100001cc                isr_irq23
                0x100001cc                isr_irq18
                0x100001cc                isr_irq11
                0x100001cc                isr_irq28
                0x100001cc                isr_irq19
                0x100001cc                isr_irq0
                0x100001cc                isr_irq6
                0x100001cc                isr_irq5
                0x100001cc                isr_irq12
                0x100001cc                isr_irq22
                0x100001cc                isr_irq31
                0x100001cc                isr_irq17
                0x100001cc                isr_irq27
                0x100001cc                isr_irq30
                0x100001cc                isr_irq2
                0x100001cc                isr_irq10
                0x100001cc                isr_irq8
                0x100001cc                isr_irq24
                0x100001cc                isr_irq1
                0x100001cc                isr_irq7
                0x100001cc                isr_irq21
                0x100001cc                isr_irq20
                0x100001cc                isr_irq15
                0x100001cc                isr_irq25
                0x100001cc                isr_irq13
                0x100001cc                __unhandled_user_irq
                0x100001cc                isr_irq4
                0x100001cc                isr_irq16
                0x100001cc                isr_irq29
                0x100001cc                isr_irq26
                0x100001cc                __default_isrs_end
                0x100001cc                isr_irq3
                0x100001cc                isr_irq14
                0x100001cc                isr_irq9
                0x100001d2                unhandled_user_irq_num_in_r0
 *(.binary_info_header)
 .binary_info_header
                0x100001d4       0x14 CMakeFiles/Usar_SSD.dir/C_/Users/wilto/.pico-sdk/sdk/2.1.1/src/rp2_common/pico_crt0/crt0.S.obj
                0x100001e8                        __binary_info_header_end = .
 *(.embedded_block)
                0x100001e8                        __embedded_block_end = .
 *(.reset)
 .reset         0x100001e8       0x9c CMakeFiles/Usar_SSD.dir/C_/Users/wilto/.pico-sdk/sdk/2.1.1/src/rp2_common/pico_crt0/crt0.S.obj
                0x100001e8                _entry_point
 *(.init)
 .init          0x10000284        0x4 C:/Users/wilto/.pico-sdk/toolchain/14_2_Rel1/bin/../lib/gcc/arm-none-eabi/14.2.1/thumb/v6-m/nofp/crti.o
                0x10000284                _init
 *(EXCLUDE_FILE(*libm.a: *libc.a:*lib_a-mem*.o *libgcc.a:) .text*)
 .text.register_tm_clones
                0x10000288       0x28 C:/Users/wilto/.pico-sdk/toolchain/14_2_Rel1/bin/../lib/gcc/arm-none-eabi/14.2.1/thumb/v6-m/nofp/crtbegin.o
 .text.frame_dummy
                0x100002b0       0x24 C:/Users/wilto/.pico-sdk/toolchain/14_2_Rel1/bin/../lib/gcc/arm-none-eabi/14.2.1/thumb/v6-m/nofp/crtbegin.o
 .text.run_help
                0x100002d4       0x68 CMakeFiles/Usar_SSD.dir/Cartao_FatFS_SPI.c.obj
 .text.gpio_irq_handler
                0x1000033c        0xc CMakeFiles/Usar_SSD.dir/Cartao_FatFS_SPI.c.obj
                0x1000033c                gpio_irq_handler
 .text.run_cat  0x10000348       0x7c CMakeFiles/Usar_SSD.dir/Cartao_FatFS_SPI.c.obj
 .text.run_setrtc
                0x100003c4       0xb4 CMakeFiles/Usar_SSD.dir/Cartao_FatFS_SPI.c.obj
 .text.run_unmount
                0x10000478       0xc0 CMakeFiles/Usar_SSD.dir/Cartao_FatFS_SPI.c.obj
 .text.run_ls   0x10000538      0x10c CMakeFiles/Usar_SSD.dir/Cartao_FatFS_SPI.c.obj
 .text.read_file.constprop.0
                0x10000644       0x7c CMakeFiles/Usar_SSD.dir/Cartao_FatFS_SPI.c.obj
 .text.run_format
                0x100006c0       0x78 CMakeFiles/Usar_SSD.dir/Cartao_FatFS_SPI.c.obj
 .text.run_getfree
                0x10000738       0xa0 CMakeFiles/Usar_SSD.dir/Cartao_FatFS_SPI.c.obj
 .text.run_mount
                0x100007d8       0xb8 CMakeFiles/Usar_SSD.dir/Cartao_FatFS_SPI.c.obj
 .text.capture_adc_data_and_save
                0x10000890       0xdc CMakeFiles/Usar_SSD.dir/Cartao_FatFS_SPI.c.obj
                0x10000890                capture_adc_data_and_save
 .text.startup.main
                0x1000096c      0x3e4 CMakeFiles/Usar_SSD.dir/Cartao_FatFS_SPI.c.obj
                0x1000096c                main
 .text.sd_get_num
                0x10000d50        0x4 CMakeFiles/Usar_SSD.dir/hw_config.c.obj
                0x10000d50                sd_get_num
 .text.sd_get_by_num
                0x10000d54       0x18 CMakeFiles/Usar_SSD.dir/hw_config.c.obj
                0x10000d54                sd_get_by_num
 .text.spi_get_num
                0x10000d6c        0x4 CMakeFiles/Usar_SSD.dir/hw_config.c.obj
                0x10000d6c                spi_get_num
 .text.spi_get_by_num
                0x10000d70       0x18 CMakeFiles/Usar_SSD.dir/hw_config.c.obj
                0x10000d70                spi_get_by_num
 .text.gpio_default_irq_handler
                0x10000d88      0x2c8 CMakeFiles/Usar_SSD.dir/C_/Users/wilto/.pico-sdk/sdk/2.1.1/src/rp2_common/hardware_gpio/gpio.c.obj
 .text.gpio_set_function
                0x10001050       0x34 CMakeFiles/Usar_SSD.dir/C_/Users/wilto/.pico-sdk/sdk/2.1.1/src/rp2_common/hardware_gpio/gpio.c.obj
                0x10001050                gpio_set_function
 .text.gpio_set_pulls
                0x10001084       0x28 CMakeFiles/Usar_SSD.dir/C_/Users/wilto/.pico-sdk/sdk/2.1.1/src/rp2_common/hardware_gpio/gpio.c.obj
                0x10001084                gpio_set_pulls
 .text.gpio_set_drive_strength
                0x100010ac       0x24 CMakeFiles/Usar_SSD.dir/C_/Users/wilto/.pico-sdk/sdk/2.1.1/src/rp2_common/hardware_gpio/gpio.c.obj
                0x100010ac                gpio_set_drive_strength
 .text.gpio_set_irq_enabled_with_callback
                0x100010d0       0xd0 CMakeFiles/Usar_SSD.dir/C_/Users/wilto/.pico-sdk/sdk/2.1.1/src/rp2_common/hardware_gpio/gpio.c.obj
                0x100010d0                gpio_set_irq_enabled_with_callback
 .text.gpio_init
                0x100011a0       0x40 CMakeFiles/Usar_SSD.dir/C_/Users/wilto/.pico-sdk/sdk/2.1.1/src/rp2_common/hardware_gpio/gpio.c.obj
                0x100011a0                gpio_init
 .text.rp2040_chip_version
                0x100011e0        0xc CMakeFiles/Usar_SSD.dir/C_/Users/wilto/.pico-sdk/sdk/2.1.1/src/rp2040/pico_platform/platform.c.obj
                0x100011e0                rp2040_chip_version
 .text.panic    0x100011ec       0x30 CMakeFiles/Usar_SSD.dir/C_/Users/wilto/.pico-sdk/sdk/2.1.1/src/rp2_common/pico_platform_panic/panic.c.obj
                0x100011ec                panic
 .text.hw_claim_or_assert
                0x1000121c       0x44 CMakeFiles/Usar_SSD.dir/C_/Users/wilto/.pico-sdk/sdk/2.1.1/src/common/hardware_claim/claim.c.obj
                0x1000121c                hw_claim_or_assert
 .text.hw_claim_unused_from_range
                0x10001260       0x88 CMakeFiles/Usar_SSD.dir/C_/Users/wilto/.pico-sdk/sdk/2.1.1/src/common/hardware_claim/claim.c.obj
                0x10001260                hw_claim_unused_from_range
 .text.next_striped_spin_lock_num
                0x100012e8       0x18 CMakeFiles/Usar_SSD.dir/C_/Users/wilto/.pico-sdk/sdk/2.1.1/src/rp2_common/hardware_sync/sync.c.obj
                0x100012e8                next_striped_spin_lock_num
 .text.spin_lock_claim_unused
                0x10001300       0x24 CMakeFiles/Usar_SSD.dir/C_/Users/wilto/.pico-sdk/sdk/2.1.1/src/rp2_common/hardware_sync/sync.c.obj
                0x10001300                spin_lock_claim_unused
 .text.spin_locks_reset
                0x10001324       0x1c CMakeFiles/Usar_SSD.dir/C_/Users/wilto/.pico-sdk/sdk/2.1.1/src/rp2_common/hardware_sync_spin_lock/sync_spin_lock.c.obj
                0x10001324                spin_locks_reset
 .text.runtime_init_per_core_irq_priorities
                0x10001340       0x24 CMakeFiles/Usar_SSD.dir/C_/Users/wilto/.pico-sdk/sdk/2.1.1/src/rp2_common/hardware_irq/irq.c.obj
                0x10001340                runtime_init_per_core_irq_priorities
 .text.irq_set_enabled
                0x10001364       0x24 CMakeFiles/Usar_SSD.dir/C_/Users/wilto/.pico-sdk/sdk/2.1.1/src/rp2_common/hardware_irq/irq.c.obj
                0x10001364                irq_set_enabled
 .text.irq_is_enabled
                0x10001388       0x18 CMakeFiles/Usar_SSD.dir/C_/Users/wilto/.pico-sdk/sdk/2.1.1/src/rp2_common/hardware_irq/irq.c.obj
                0x10001388                irq_is_enabled
 .text.irq_set_pending
                0x100013a0       0x10 CMakeFiles/Usar_SSD.dir/C_/Users/wilto/.pico-sdk/sdk/2.1.1/src/rp2_common/hardware_irq/irq.c.obj
                0x100013a0                irq_set_pending
 .text.irq_has_shared_handler
                0x100013b0       0x24 CMakeFiles/Usar_SSD.dir/C_/Users/wilto/.pico-sdk/sdk/2.1.1/src/rp2_common/hardware_irq/irq.c.obj
                0x100013b0                irq_has_shared_handler
 .text.irq_set_exclusive_handler
                0x100013d4       0x54 CMakeFiles/Usar_SSD.dir/C_/Users/wilto/.pico-sdk/sdk/2.1.1/src/rp2_common/hardware_irq/irq.c.obj
                0x100013d4                irq_set_exclusive_handler
 .text.irq_add_shared_handler
                0x10001428      0x1f4 CMakeFiles/Usar_SSD.dir/C_/Users/wilto/.pico-sdk/sdk/2.1.1/src/rp2_common/hardware_irq/irq.c.obj
                0x10001428                irq_add_shared_handler
 .text.irq_remove_handler
                0x1000161c      0x1d4 CMakeFiles/Usar_SSD.dir/C_/Users/wilto/.pico-sdk/sdk/2.1.1/src/rp2_common/hardware_irq/irq.c.obj
                0x1000161c                irq_remove_handler
 .text.irq_add_tail_to_free_list
                0x100017f0       0xb4 CMakeFiles/Usar_SSD.dir/C_/Users/wilto/.pico-sdk/sdk/2.1.1/src/rp2_common/hardware_irq/irq.c.obj
                0x100017f0                irq_add_tail_to_free_list
 .text.user_irq_claim_unused
                0x100018a4       0x2c CMakeFiles/Usar_SSD.dir/C_/Users/wilto/.pico-sdk/sdk/2.1.1/src/rp2_common/hardware_irq/irq.c.obj
                0x100018a4                user_irq_claim_unused
 .text.sem_init
                0x100018d0       0x20 CMakeFiles/Usar_SSD.dir/C_/Users/wilto/.pico-sdk/sdk/2.1.1/src/common/pico_sync/sem.c.obj
                0x100018d0                sem_init
 .text.lock_init
                0x100018f0       0x10 CMakeFiles/Usar_SSD.dir/C_/Users/wilto/.pico-sdk/sdk/2.1.1/src/common/pico_sync/lock_core.c.obj
                0x100018f0                lock_init
 .text.runtime_init_mutex
                0x10001900       0x50 CMakeFiles/Usar_SSD.dir/C_/Users/wilto/.pico-sdk/sdk/2.1.1/src/common/pico_sync/mutex.c.obj
                0x10001900                runtime_init_mutex
 .text.mutex_init
                0x10001950       0x1c CMakeFiles/Usar_SSD.dir/C_/Users/wilto/.pico-sdk/sdk/2.1.1/src/common/pico_sync/mutex.c.obj
                0x10001950                mutex_init
 .text.critical_section_init
                0x1000196c       0x1c CMakeFiles/Usar_SSD.dir/C_/Users/wilto/.pico-sdk/sdk/2.1.1/src/common/pico_sync/critical_section.c.obj
                0x1000196c                critical_section_init
 .text.critical_section_init_with_lock_num
                0x10001988       0x14 CMakeFiles/Usar_SSD.dir/C_/Users/wilto/.pico-sdk/sdk/2.1.1/src/common/pico_sync/critical_section.c.obj
                0x10001988                critical_section_init_with_lock_num
 .text.sleep_until_callback
                0x1000199c       0x30 CMakeFiles/Usar_SSD.dir/C_/Users/wilto/.pico-sdk/sdk/2.1.1/src/common/pico_time/time.c.obj
 .text.alarm_pool_irq_handler
                0x100019cc      0x300 CMakeFiles/Usar_SSD.dir/C_/Users/wilto/.pico-sdk/sdk/2.1.1/src/common/pico_time/time.c.obj
 .text.runtime_init_default_alarm_pool
                0x10001ccc       0xdc CMakeFiles/Usar_SSD.dir/C_/Users/wilto/.pico-sdk/sdk/2.1.1/src/common/pico_time/time.c.obj
                0x10001ccc                runtime_init_default_alarm_pool
 .text.alarm_pool_get_default
                0x10001da8        0x8 CMakeFiles/Usar_SSD.dir/C_/Users/wilto/.pico-sdk/sdk/2.1.1/src/common/pico_time/time.c.obj
                0x10001da8                alarm_pool_get_default
 .text.alarm_pool_add_alarm_at
                0x10001db0       0xd0 CMakeFiles/Usar_SSD.dir/C_/Users/wilto/.pico-sdk/sdk/2.1.1/src/common/pico_time/time.c.obj
                0x10001db0                alarm_pool_add_alarm_at
 .text.alarm_pool_add_alarm_at_force_in_context
                0x10001e80       0xb0 CMakeFiles/Usar_SSD.dir/C_/Users/wilto/.pico-sdk/sdk/2.1.1/src/common/pico_time/time.c.obj
                0x10001e80                alarm_pool_add_alarm_at_force_in_context
 .text.alarm_pool_cancel_alarm
                0x10001f30       0x74 CMakeFiles/Usar_SSD.dir/C_/Users/wilto/.pico-sdk/sdk/2.1.1/src/common/pico_time/time.c.obj
                0x10001f30                alarm_pool_cancel_alarm
 .text.alarm_pool_core_num
                0x10001fa4        0x4 CMakeFiles/Usar_SSD.dir/C_/Users/wilto/.pico-sdk/sdk/2.1.1/src/common/pico_time/time.c.obj
                0x10001fa4                alarm_pool_core_num
 .text.sleep_ms
                0x10001fa8       0xfc CMakeFiles/Usar_SSD.dir/C_/Users/wilto/.pico-sdk/sdk/2.1.1/src/common/pico_time/time.c.obj
                0x10001fa8                sleep_ms
 .text.best_effort_wfe_or_timeout
                0x100020a4      0x10c CMakeFiles/Usar_SSD.dir/C_/Users/wilto/.pico-sdk/sdk/2.1.1/src/common/pico_time/time.c.obj
                0x100020a4                best_effort_wfe_or_timeout
 .text.timer_hardware_alarm_claim
                0x100021b0       0x14 CMakeFiles/Usar_SSD.dir/C_/Users/wilto/.pico-sdk/sdk/2.1.1/src/rp2_common/hardware_timer/timer.c.obj
                0x100021b0                timer_hardware_alarm_claim
 .text.timer_time_us_64
                0x100021c4       0x10 CMakeFiles/Usar_SSD.dir/C_/Users/wilto/.pico-sdk/sdk/2.1.1/src/rp2_common/hardware_timer/timer.c.obj
                0x100021c4                timer_time_us_64
 .text.time_us_64
                0x100021d4       0x14 CMakeFiles/Usar_SSD.dir/C_/Users/wilto/.pico-sdk/sdk/2.1.1/src/rp2_common/hardware_timer/timer.c.obj
                0x100021d4                time_us_64
 .text.busy_wait_us
                0x100021e8       0x68 CMakeFiles/Usar_SSD.dir/C_/Users/wilto/.pico-sdk/sdk/2.1.1/src/rp2_common/hardware_timer/timer.c.obj
                0x100021e8                busy_wait_us
 .text.busy_wait_until
                0x10002250       0x20 CMakeFiles/Usar_SSD.dir/C_/Users/wilto/.pico-sdk/sdk/2.1.1/src/rp2_common/hardware_timer/timer.c.obj
                0x10002250                busy_wait_until
 .text.clock_configure_int_divider
                0x10002270       0xf4 CMakeFiles/Usar_SSD.dir/C_/Users/wilto/.pico-sdk/sdk/2.1.1/src/rp2_common/hardware_clocks/clocks.c.obj
                0x10002270                clock_configure_int_divider
 .text.clock_configure_undivided
                0x10002364       0xe8 CMakeFiles/Usar_SSD.dir/C_/Users/wilto/.pico-sdk/sdk/2.1.1/src/rp2_common/hardware_clocks/clocks.c.obj
                0x10002364                clock_configure_undivided
 .text.clock_get_hz
                0x1000244c        0xc CMakeFiles/Usar_SSD.dir/C_/Users/wilto/.pico-sdk/sdk/2.1.1/src/rp2_common/hardware_clocks/clocks.c.obj
                0x1000244c                clock_get_hz
 .text.pll_init
                0x10002458       0xa4 CMakeFiles/Usar_SSD.dir/C_/Users/wilto/.pico-sdk/sdk/2.1.1/src/rp2_common/hardware_pll/pll.c.obj
                0x10002458                pll_init
 .text.watchdog_reboot
                0x100024fc       0x9c CMakeFiles/Usar_SSD.dir/C_/Users/wilto/.pico-sdk/sdk/2.1.1/src/rp2_common/hardware_watchdog/watchdog.c.obj
                0x100024fc                watchdog_reboot
 .text.tick_start
                0x10002598       0x10 CMakeFiles/Usar_SSD.dir/C_/Users/wilto/.pico-sdk/sdk/2.1.1/src/rp2_common/hardware_ticks/ticks.c.obj
                0x10002598                tick_start
 .text.rom_func_lookup
                0x100025a8       0x10 CMakeFiles/Usar_SSD.dir/C_/Users/wilto/.pico-sdk/sdk/2.1.1/src/rp2_common/pico_bootrom/bootrom.c.obj
                0x100025a8                rom_func_lookup
 .text.rom_data_lookup
                0x100025b8       0x10 CMakeFiles/Usar_SSD.dir/C_/Users/wilto/.pico-sdk/sdk/2.1.1/src/rp2_common/pico_bootrom/bootrom.c.obj
                0x100025b8                rom_data_lookup
 .text.rom_funcs_lookup
                0x100025c8       0x44 CMakeFiles/Usar_SSD.dir/C_/Users/wilto/.pico-sdk/sdk/2.1.1/src/rp2_common/pico_bootrom/bootrom.c.obj
                0x100025c8                rom_funcs_lookup
 .text.rom_reset_usb_boot
                0x1000260c       0x1c CMakeFiles/Usar_SSD.dir/C_/Users/wilto/.pico-sdk/sdk/2.1.1/src/rp2_common/pico_bootrom/bootrom.c.obj
                0x1000260c                rom_reset_usb_boot
 .text.rom_reset_usb_boot_extra
                0x10002628       0x24 CMakeFiles/Usar_SSD.dir/C_/Users/wilto/.pico-sdk/sdk/2.1.1/src/rp2_common/pico_bootrom/bootrom.c.obj
                0x10002628                rom_reset_usb_boot_extra
 .text.xosc_init
                0x1000264c       0x28 CMakeFiles/Usar_SSD.dir/C_/Users/wilto/.pico-sdk/sdk/2.1.1/src/rp2_common/hardware_xosc/xosc.c.obj
                0x1000264c                xosc_init
 .text.first_per_core_initializer
                0x10002674        0x4 CMakeFiles/Usar_SSD.dir/C_/Users/wilto/.pico-sdk/sdk/2.1.1/src/rp2_common/pico_runtime/runtime.c.obj
 .text.hard_assertion_failure
                0x10002678        0xc CMakeFiles/Usar_SSD.dir/C_/Users/wilto/.pico-sdk/sdk/2.1.1/src/rp2_common/pico_runtime/runtime.c.obj
                0x10002678                hard_assertion_failure
 .text.runtime_run_initializers
                0x10002684       0x28 CMakeFiles/Usar_SSD.dir/C_/Users/wilto/.pico-sdk/sdk/2.1.1/src/rp2_common/pico_runtime/runtime.c.obj
                0x10002684                runtime_run_initializers
 .text.runtime_init_early_resets
                0x100026ac       0x2c CMakeFiles/Usar_SSD.dir/C_/Users/wilto/.pico-sdk/sdk/2.1.1/src/rp2_common/pico_runtime_init/runtime_init.c.obj
                0x100026ac                runtime_init_early_resets
 .text.runtime_init_usb_power_down
                0x100026d8       0x1c CMakeFiles/Usar_SSD.dir/C_/Users/wilto/.pico-sdk/sdk/2.1.1/src/rp2_common/pico_runtime_init/runtime_init.c.obj
                0x100026d8                runtime_init_usb_power_down
 .text.runtime_init_post_clock_resets
                0x100026f4       0x20 CMakeFiles/Usar_SSD.dir/C_/Users/wilto/.pico-sdk/sdk/2.1.1/src/rp2_common/pico_runtime_init/runtime_init.c.obj
                0x100026f4                runtime_init_post_clock_resets
 .text.runtime_init_rp2040_gpio_ie_disable
                0x10002714       0x14 CMakeFiles/Usar_SSD.dir/C_/Users/wilto/.pico-sdk/sdk/2.1.1/src/rp2_common/pico_runtime_init/runtime_init.c.obj
                0x10002714                runtime_init_rp2040_gpio_ie_disable
 .text.runtime_init_spin_locks_reset
                0x10002728        0x8 CMakeFiles/Usar_SSD.dir/C_/Users/wilto/.pico-sdk/sdk/2.1.1/src/rp2_common/pico_runtime_init/runtime_init.c.obj
                0x10002728                runtime_init_spin_locks_reset
 .text.runtime_init_install_ram_vector_table
                0x10002730       0x1c CMakeFiles/Usar_SSD.dir/C_/Users/wilto/.pico-sdk/sdk/2.1.1/src/rp2_common/pico_runtime_init/runtime_init.c.obj
                0x10002730                runtime_init_install_ram_vector_table
 .text.runtime_init_clocks
                0x1000274c       0xd8 CMakeFiles/Usar_SSD.dir/C_/Users/wilto/.pico-sdk/sdk/2.1.1/src/rp2_common/pico_runtime_init/runtime_init_clocks.c.obj
                0x1000274c                runtime_init_clocks
 .text          0x10002824       0x10 CMakeFiles/Usar_SSD.dir/C_/Users/wilto/.pico-sdk/sdk/2.1.1/src/rp2_common/pico_bit_ops/bit_ops_aeabi.S.obj
 .text.__wrap___aeabi_idiv
                0x10002834       0x50 CMakeFiles/Usar_SSD.dir/C_/Users/wilto/.pico-sdk/sdk/2.1.1/src/rp2_common/pico_divider/divider_hardware.S.obj
                0x10002834                __wrap___aeabi_idivmod
                0x10002834                divmod_s32s32
                0x10002834                div_s32s32
                0x10002834                __wrap___aeabi_idiv
                0x1000283c                divmod_s32s32_unsafe
                0x10002868                divmod_s32s32_savestate
 .text.__wrap___aeabi_uidiv
                0x10002884       0x4c CMakeFiles/Usar_SSD.dir/C_/Users/wilto/.pico-sdk/sdk/2.1.1/src/rp2_common/pico_divider/divider_hardware.S.obj
                0x10002884                __wrap___aeabi_uidiv
                0x10002884                __wrap___aeabi_uidivmod
                0x10002884                div_u32u32
                0x10002884                divmod_u32u32
                0x1000288c                divmod_u32u32_unsafe
                0x100028b4                divmod_u32u32_savestate
 .text.__wrap___aeabi_ldiv
                0x100028d0      0x424 CMakeFiles/Usar_SSD.dir/C_/Users/wilto/.pico-sdk/sdk/2.1.1/src/rp2_common/pico_divider/divider_hardware.S.obj
                0x100028d0                div_s64s64
                0x100028d0                divmod_s64s64
                0x100028d0                __wrap___aeabi_ldivmod
                0x10002900                divmod_u64u64
                0x10002900                div_u64u64
                0x10002900                __wrap___aeabi_uldivmod
                0x10002910                divmod_u64u64_savestate
                0x10002930                divmod_s64s64_unsafe
                0x100029b8                divmod_u64u64_unsafe
 .text.__wrap___aeabi_darithmetic
                0x10002cf4       0x60 CMakeFiles/Usar_SSD.dir/C_/Users/wilto/.pico-sdk/sdk/2.1.1/src/rp2_common/pico_double/double_aeabi_rp2040.S.obj
                0x10002cf4                __wrap___aeabi_drsub
                0x10002cfa                __wrap___aeabi_dsub
                0x10002d04                __wrap___aeabi_dadd
                0x10002d0e                __wrap___aeabi_ddiv
                0x10002d42                __wrap___aeabi_dmul
 .text.__wrap___aeabi_cdcmple
                0x10002d54       0x6c CMakeFiles/Usar_SSD.dir/C_/Users/wilto/.pico-sdk/sdk/2.1.1/src/rp2_common/pico_double/double_aeabi_rp2040.S.obj
                0x10002d54                __wrap___aeabi_cdrcmple
                0x10002d64                __wrap___aeabi_cdcmpeq
                0x10002d64                __wrap___aeabi_cdcmple
 .text.__wrap___aeabi_dcmplt
                0x10002dc0        0xc CMakeFiles/Usar_SSD.dir/C_/Users/wilto/.pico-sdk/sdk/2.1.1/src/rp2_common/pico_double/double_aeabi_rp2040.S.obj
                0x10002dc0                __wrap___aeabi_dcmplt
 .text.__wrap___aeabi_dcmple
                0x10002dcc       0x10 CMakeFiles/Usar_SSD.dir/C_/Users/wilto/.pico-sdk/sdk/2.1.1/src/rp2_common/pico_double/double_aeabi_rp2040.S.obj
                0x10002dcc                __wrap___aeabi_dcmple
 .text.__wrap___aeabi_dcmpge
                0x10002ddc       0x10 CMakeFiles/Usar_SSD.dir/C_/Users/wilto/.pico-sdk/sdk/2.1.1/src/rp2_common/pico_double/double_aeabi_rp2040.S.obj
                0x10002ddc                __wrap___aeabi_dcmpge
 .text.__wrap___aeabi_dcmpgt
                0x10002dec        0xa CMakeFiles/Usar_SSD.dir/C_/Users/wilto/.pico-sdk/sdk/2.1.1/src/rp2_common/pico_double/double_aeabi_rp2040.S.obj
                0x10002dec                __wrap___aeabi_dcmpgt
 .text.__wrap___aeabi_dcmpun
                0x10002df6       0x18 CMakeFiles/Usar_SSD.dir/C_/Users/wilto/.pico-sdk/sdk/2.1.1/src/rp2_common/pico_double/double_aeabi_rp2040.S.obj
                0x10002df6                __wrap___aeabi_dcmpun
 *fill*         0x10002e0e        0x2 
 .text.__wrap___aeabi_i2d
                0x10002e10       0x38 CMakeFiles/Usar_SSD.dir/C_/Users/wilto/.pico-sdk/sdk/2.1.1/src/rp2_common/pico_double/double_aeabi_rp2040.S.obj
                0x10002e10                uint2double
                0x10002e10                __wrap___aeabi_ui2d
                0x10002e18                int2double
                0x10002e18                __wrap___aeabi_i2d
 .text.__wrap___aeabi_d2iz
                0x10002e48       0x48 CMakeFiles/Usar_SSD.dir/C_/Users/wilto/.pico-sdk/sdk/2.1.1/src/rp2_common/pico_double/double_aeabi_rp2040.S.obj
                0x10002e48                double2int_z
                0x10002e48                __wrap___aeabi_d2iz
 .text.__wrap___aeabi_d2uiz
                0x10002e90       0x10 CMakeFiles/Usar_SSD.dir/C_/Users/wilto/.pico-sdk/sdk/2.1.1/src/rp2_common/pico_double/double_aeabi_rp2040.S.obj
                0x10002e90                double2uint
                0x10002e90                __wrap___aeabi_d2uiz
                0x10002e90                double2uint_z
 .text.missing_double_func_shim
                0x10002ea0        0xc CMakeFiles/Usar_SSD.dir/C_/Users/wilto/.pico-sdk/sdk/2.1.1/src/rp2_common/pico_double/double_init_rom_rp2040.c.obj
 .text.__aeabi_double_init
                0x10002eac       0xa0 CMakeFiles/Usar_SSD.dir/C_/Users/wilto/.pico-sdk/sdk/2.1.1/src/rp2_common/pico_double/double_init_rom_rp2040.c.obj
                0x10002eac                __aeabi_double_init
 .text.double_table_shim_on_use_helper
                0x10002f4c       0x2c CMakeFiles/Usar_SSD.dir/C_/Users/wilto/.pico-sdk/sdk/2.1.1/src/rp2_common/pico_double/double_v1_rom_shim_rp2040.S.obj
                0x10002f4c                double_table_shim_on_use_helper
 .text.__aeabi_lmul
                0x10002f78       0x32 CMakeFiles/Usar_SSD.dir/C_/Users/wilto/.pico-sdk/sdk/2.1.1/src/rp2_common/pico_int64_ops/pico_int64_ops_aeabi.S.obj
                0x10002f78                __wrap___aeabi_lmul
 *fill*         0x10002faa        0x2 
 .text.missing_float_func_shim
                0x10002fac        0xc CMakeFiles/Usar_SSD.dir/C_/Users/wilto/.pico-sdk/sdk/2.1.1/src/rp2_common/pico_float/float_init_rom_rp2040.c.obj
 .text.__aeabi_float_init
                0x10002fb8       0x5c CMakeFiles/Usar_SSD.dir/C_/Users/wilto/.pico-sdk/sdk/2.1.1/src/rp2_common/pico_float/float_init_rom_rp2040.c.obj
                0x10002fb8                __aeabi_float_init
 .text.__wrap_malloc
                0x10003014       0x24 CMakeFiles/Usar_SSD.dir/C_/Users/wilto/.pico-sdk/sdk/2.1.1/src/rp2_common/pico_malloc/malloc.c.obj
                0x10003014                __wrap_malloc
 .text.__wrap_free
                0x10003038        0x8 CMakeFiles/Usar_SSD.dir/C_/Users/wilto/.pico-sdk/sdk/2.1.1/src/rp2_common/pico_malloc/malloc.c.obj
                0x10003038                __wrap_free
 .text          0x10003040       0x10 CMakeFiles/Usar_SSD.dir/C_/Users/wilto/.pico-sdk/sdk/2.1.1/src/rp2_common/pico_mem_ops/mem_ops_aeabi.S.obj
                0x10003040                __aeabi_mem_init
 .text.memset   0x10003050        0xc CMakeFiles/Usar_SSD.dir/C_/Users/wilto/.pico-sdk/sdk/2.1.1/src/rp2_common/pico_mem_ops/mem_ops_aeabi.S.obj
                0x10003050                __wrap_memset
 .text.memcpy   0x1000305c        0xc CMakeFiles/Usar_SSD.dir/C_/Users/wilto/.pico-sdk/sdk/2.1.1/src/rp2_common/pico_mem_ops/mem_ops_aeabi.S.obj
                0x1000305c                __wrap_memcpy
                0x1000305c                __wrap___aeabi_memcpy
 .text._out_buffer
                0x10003068        0x8 CMakeFiles/Usar_SSD.dir/C_/Users/wilto/.pico-sdk/sdk/2.1.1/src/rp2_common/pico_printf/printf.c.obj
 .text._out_null
                0x10003070        0x4 CMakeFiles/Usar_SSD.dir/C_/Users/wilto/.pico-sdk/sdk/2.1.1/src/rp2_common/pico_printf/printf.c.obj
 .text._out_rev
                0x10003074       0xac CMakeFiles/Usar_SSD.dir/C_/Users/wilto/.pico-sdk/sdk/2.1.1/src/rp2_common/pico_printf/printf.c.obj
 .text._ntoa_format
                0x10003120      0x1cc CMakeFiles/Usar_SSD.dir/C_/Users/wilto/.pico-sdk/sdk/2.1.1/src/rp2_common/pico_printf/printf.c.obj
 .text._out_char
                0x100032ec       0x10 CMakeFiles/Usar_SSD.dir/C_/Users/wilto/.pico-sdk/sdk/2.1.1/src/rp2_common/pico_printf/printf.c.obj
 .text._out_fct
                0x100032fc       0x10 CMakeFiles/Usar_SSD.dir/C_/Users/wilto/.pico-sdk/sdk/2.1.1/src/rp2_common/pico_printf/printf.c.obj
 .text._ftoa    0x1000330c      0x4a8 CMakeFiles/Usar_SSD.dir/C_/Users/wilto/.pico-sdk/sdk/2.1.1/src/rp2_common/pico_printf/printf.c.obj
 .text._etoa    0x100037b4      0x57c CMakeFiles/Usar_SSD.dir/C_/Users/wilto/.pico-sdk/sdk/2.1.1/src/rp2_common/pico_printf/printf.c.obj
 .text._vsnprintf
                0x10003d30      0xbe0 CMakeFiles/Usar_SSD.dir/C_/Users/wilto/.pico-sdk/sdk/2.1.1/src/rp2_common/pico_printf/printf.c.obj
 .text.__wrap_sprintf
                0x10004910       0x2c CMakeFiles/Usar_SSD.dir/C_/Users/wilto/.pico-sdk/sdk/2.1.1/src/rp2_common/pico_printf/printf.c.obj
                0x10004910                __wrap_sprintf
 .text.vfctprintf
                0x1000493c       0x24 CMakeFiles/Usar_SSD.dir/C_/Users/wilto/.pico-sdk/sdk/2.1.1/src/rp2_common/pico_printf/printf.c.obj
                0x1000493c                vfctprintf
 .text.weak_raw_vprintf
                0x10004960       0x30 CMakeFiles/Usar_SSD.dir/C_/Users/wilto/.pico-sdk/sdk/2.1.1/src/rp2_common/pico_printf/printf.c.obj
                0x10004960                weak_raw_vprintf
 .text._exit    0x10004990        0x4 CMakeFiles/Usar_SSD.dir/C_/Users/wilto/.pico-sdk/sdk/2.1.1/src/rp2_common/pico_clib_interface/newlib_interface.c.obj
                0x10004990                _exit
 .text._sbrk    0x10004994       0x34 CMakeFiles/Usar_SSD.dir/C_/Users/wilto/.pico-sdk/sdk/2.1.1/src/rp2_common/pico_clib_interface/newlib_interface.c.obj
                0x10004994                _sbrk
 .text.exit     0x100049c8        0x8 CMakeFiles/Usar_SSD.dir/C_/Users/wilto/.pico-sdk/sdk/2.1.1/src/rp2_common/pico_clib_interface/newlib_interface.c.obj
                0x100049c8                exit
 .text.runtime_init
                0x100049d0       0x2c CMakeFiles/Usar_SSD.dir/C_/Users/wilto/.pico-sdk/sdk/2.1.1/src/rp2_common/pico_clib_interface/newlib_interface.c.obj
                0x100049d0                runtime_init
 .text.stdio_out_chars_no_crlf
                0x100049fc       0x10 CMakeFiles/Usar_SSD.dir/C_/Users/wilto/.pico-sdk/sdk/2.1.1/src/rp2_common/pico_stdio/stdio.c.obj
 .text.stdio_out_chars_crlf
                0x10004a0c       0xb0 CMakeFiles/Usar_SSD.dir/C_/Users/wilto/.pico-sdk/sdk/2.1.1/src/rp2_common/pico_stdio/stdio.c.obj
 .text.stdio_buffered_printer
                0x10004abc       0x64 CMakeFiles/Usar_SSD.dir/C_/Users/wilto/.pico-sdk/sdk/2.1.1/src/rp2_common/pico_stdio/stdio.c.obj
 .text.stdio_put_string
                0x10004b20       0xfc CMakeFiles/Usar_SSD.dir/C_/Users/wilto/.pico-sdk/sdk/2.1.1/src/rp2_common/pico_stdio/stdio.c.obj
                0x10004b20                stdio_put_string
 .text.stdio_set_driver_enabled
                0x10004c1c       0x30 CMakeFiles/Usar_SSD.dir/C_/Users/wilto/.pico-sdk/sdk/2.1.1/src/rp2_common/pico_stdio/stdio.c.obj
                0x10004c1c                stdio_set_driver_enabled
 .text.stdio_flush
                0x10004c4c       0x28 CMakeFiles/Usar_SSD.dir/C_/Users/wilto/.pico-sdk/sdk/2.1.1/src/rp2_common/pico_stdio/stdio.c.obj
                0x10004c4c                stdio_flush
 .text.stdio_init_all
                0x10004c74        0x8 CMakeFiles/Usar_SSD.dir/C_/Users/wilto/.pico-sdk/sdk/2.1.1/src/rp2_common/pico_stdio/stdio.c.obj
                0x10004c74                stdio_init_all
 .text.stdio_getchar_timeout_us
                0x10004c7c       0x98 CMakeFiles/Usar_SSD.dir/C_/Users/wilto/.pico-sdk/sdk/2.1.1/src/rp2_common/pico_stdio/stdio.c.obj
                0x10004c7c                stdio_getchar_timeout_us
 .text.__wrap_putchar
                0x10004d14       0x94 CMakeFiles/Usar_SSD.dir/C_/Users/wilto/.pico-sdk/sdk/2.1.1/src/rp2_common/pico_stdio/stdio.c.obj
                0x10004d14                __wrap_putchar
                0x10004d14                stdio_putchar
 .text.__wrap_puts
                0x10004da8       0x3c CMakeFiles/Usar_SSD.dir/C_/Users/wilto/.pico-sdk/sdk/2.1.1/src/rp2_common/pico_stdio/stdio.c.obj
                0x10004da8                stdio_puts
                0x10004da8                __wrap_puts
 .text.__wrap_vprintf
                0x10004de4       0xcc CMakeFiles/Usar_SSD.dir/C_/Users/wilto/.pico-sdk/sdk/2.1.1/src/rp2_common/pico_stdio/stdio.c.obj
                0x10004de4                stdio_vprintf
                0x10004de4                __wrap_vprintf
 .text.__wrap_printf
                0x10004eb0       0x18 CMakeFiles/Usar_SSD.dir/C_/Users/wilto/.pico-sdk/sdk/2.1.1/src/rp2_common/pico_stdio/stdio.c.obj
                0x10004eb0                __wrap_printf
                0x10004eb0                stdio_printf
 .text.resetd_init
                0x10004ec8        0x4 CMakeFiles/Usar_SSD.dir/C_/Users/wilto/.pico-sdk/sdk/2.1.1/src/rp2_common/pico_stdio_usb/reset_interface.c.obj
 .text.resetd_reset
                0x10004ecc        0xc CMakeFiles/Usar_SSD.dir/C_/Users/wilto/.pico-sdk/sdk/2.1.1/src/rp2_common/pico_stdio_usb/reset_interface.c.obj
 .text.resetd_open
                0x10004ed8       0x28 CMakeFiles/Usar_SSD.dir/C_/Users/wilto/.pico-sdk/sdk/2.1.1/src/rp2_common/pico_stdio_usb/reset_interface.c.obj
 .text.resetd_xfer_cb
                0x10004f00        0x4 CMakeFiles/Usar_SSD.dir/C_/Users/wilto/.pico-sdk/sdk/2.1.1/src/rp2_common/pico_stdio_usb/reset_interface.c.obj
 .text.resetd_control_xfer_cb
                0x10004f04       0x54 CMakeFiles/Usar_SSD.dir/C_/Users/wilto/.pico-sdk/sdk/2.1.1/src/rp2_common/pico_stdio_usb/reset_interface.c.obj
 .text.tud_descriptor_bos_cb
                0x10004f58        0x8 CMakeFiles/Usar_SSD.dir/C_/Users/wilto/.pico-sdk/sdk/2.1.1/src/rp2_common/pico_stdio_usb/reset_interface.c.obj
                0x10004f58                tud_descriptor_bos_cb
 .text.tud_vendor_control_xfer_cb
                0x10004f60       0x34 CMakeFiles/Usar_SSD.dir/C_/Users/wilto/.pico-sdk/sdk/2.1.1/src/rp2_common/pico_stdio_usb/reset_interface.c.obj
                0x10004f60                tud_vendor_control_xfer_cb
 .text.usbd_app_driver_get_cb
                0x10004f94        0xc CMakeFiles/Usar_SSD.dir/C_/Users/wilto/.pico-sdk/sdk/2.1.1/src/rp2_common/pico_stdio_usb/reset_interface.c.obj
                0x10004f94                usbd_app_driver_get_cb
 .text.tud_cdc_line_coding_cb
                0x10004fa0       0x2c CMakeFiles/Usar_SSD.dir/C_/Users/wilto/.pico-sdk/sdk/2.1.1/src/rp2_common/pico_stdio_usb/reset_interface.c.obj
                0x10004fa0                tud_cdc_line_coding_cb
 .text.stdio_usb_set_chars_available_callback
                0x10004fcc       0x14 CMakeFiles/Usar_SSD.dir/C_/Users/wilto/.pico-sdk/sdk/2.1.1/src/rp2_common/pico_stdio_usb/stdio_usb.c.obj
                0x10004fcc                stdio_usb_set_chars_available_callback
 .text.usb_irq  0x10004fe0       0x10 CMakeFiles/Usar_SSD.dir/C_/Users/wilto/.pico-sdk/sdk/2.1.1/src/rp2_common/pico_stdio_usb/stdio_usb.c.obj
 .text.timer_task
                0x10004ff0       0x64 CMakeFiles/Usar_SSD.dir/C_/Users/wilto/.pico-sdk/sdk/2.1.1/src/rp2_common/pico_stdio_usb/stdio_usb.c.obj
 .text.stdio_usb_in_chars
                0x10005054       0x8c CMakeFiles/Usar_SSD.dir/C_/Users/wilto/.pico-sdk/sdk/2.1.1/src/rp2_common/pico_stdio_usb/stdio_usb.c.obj
                0x10005054                stdio_usb_in_chars
 .text.stdio_usb_out_flush
                0x100050e0       0x4c CMakeFiles/Usar_SSD.dir/C_/Users/wilto/.pico-sdk/sdk/2.1.1/src/rp2_common/pico_stdio_usb/stdio_usb.c.obj
 .text.stdio_usb_out_chars
                0x1000512c      0x100 CMakeFiles/Usar_SSD.dir/C_/Users/wilto/.pico-sdk/sdk/2.1.1/src/rp2_common/pico_stdio_usb/stdio_usb.c.obj
 .text.low_priority_worker_irq
                0x1000522c       0xc8 CMakeFiles/Usar_SSD.dir/C_/Users/wilto/.pico-sdk/sdk/2.1.1/src/rp2_common/pico_stdio_usb/stdio_usb.c.obj
 .text.stdio_usb_init
                0x100052f4       0xe8 CMakeFiles/Usar_SSD.dir/C_/Users/wilto/.pico-sdk/sdk/2.1.1/src/rp2_common/pico_stdio_usb/stdio_usb.c.obj
                0x100052f4                stdio_usb_init
 .text.tud_descriptor_device_cb
                0x100053dc        0x8 CMakeFiles/Usar_SSD.dir/C_/Users/wilto/.pico-sdk/sdk/2.1.1/src/rp2_common/pico_stdio_usb/stdio_usb_descriptors.c.obj
                0x100053dc                tud_descriptor_device_cb
 .text.tud_descriptor_configuration_cb
                0x100053e4        0x8 CMakeFiles/Usar_SSD.dir/C_/Users/wilto/.pico-sdk/sdk/2.1.1/src/rp2_common/pico_stdio_usb/stdio_usb_descriptors.c.obj
                0x100053e4                tud_descriptor_configuration_cb
 .text.tud_descriptor_string_cb
                0x100053ec       0x78 CMakeFiles/Usar_SSD.dir/C_/Users/wilto/.pico-sdk/sdk/2.1.1/src/rp2_common/pico_stdio_usb/stdio_usb_descriptors.c.obj
                0x100053ec                tud_descriptor_string_cb
 .text.startup._retrieve_unique_id_on_boot
                0x10005464       0x10 CMakeFiles/Usar_SSD.dir/C_/Users/wilto/.pico-sdk/sdk/2.1.1/src/rp2_common/pico_unique_id/unique_id.c.obj
 .text.pico_get_unique_board_id_string
                0x10005474      0x1a8 CMakeFiles/Usar_SSD.dir/C_/Users/wilto/.pico-sdk/sdk/2.1.1/src/rp2_common/pico_unique_id/unique_id.c.obj
                0x10005474                pico_get_unique_board_id_string
 .text.flash_get_unique_id
                0x1000561c       0x3c CMakeFiles/Usar_SSD.dir/C_/Users/wilto/.pico-sdk/sdk/2.1.1/src/rp2_common/hardware_flash/flash.c.obj
                0x1000561c                flash_get_unique_id
 .text.dcd_init
                0x10005658       0x90 CMakeFiles/Usar_SSD.dir/C_/Users/wilto/.pico-sdk/sdk/2.1.1/lib/tinyusb/src/portable/raspberrypi/rp2040/dcd_rp2040.c.obj
                0x10005658                dcd_init
 .text.dcd_int_enable
                0x100056e8        0xc CMakeFiles/Usar_SSD.dir/C_/Users/wilto/.pico-sdk/sdk/2.1.1/lib/tinyusb/src/portable/raspberrypi/rp2040/dcd_rp2040.c.obj
                0x100056e8                dcd_int_enable
 .text.dcd_set_address
                0x100056f4       0x14 CMakeFiles/Usar_SSD.dir/C_/Users/wilto/.pico-sdk/sdk/2.1.1/lib/tinyusb/src/portable/raspberrypi/rp2040/dcd_rp2040.c.obj
                0x100056f4                dcd_set_address
 .text.dcd_sof_enable
                0x10005708       0x1c CMakeFiles/Usar_SSD.dir/C_/Users/wilto/.pico-sdk/sdk/2.1.1/lib/tinyusb/src/portable/raspberrypi/rp2040/dcd_rp2040.c.obj
                0x10005708                dcd_sof_enable
 .text.dcd_edpt0_status_complete
                0x10005724       0x1c CMakeFiles/Usar_SSD.dir/C_/Users/wilto/.pico-sdk/sdk/2.1.1/lib/tinyusb/src/portable/raspberrypi/rp2040/dcd_rp2040.c.obj
                0x10005724                dcd_edpt0_status_complete
 .text.dcd_edpt_open
                0x10005740      0x114 CMakeFiles/Usar_SSD.dir/C_/Users/wilto/.pico-sdk/sdk/2.1.1/lib/tinyusb/src/portable/raspberrypi/rp2040/dcd_rp2040.c.obj
                0x10005740                dcd_edpt_open
 .text.dcd_edpt_close_all
                0x10005854        0x8 CMakeFiles/Usar_SSD.dir/C_/Users/wilto/.pico-sdk/sdk/2.1.1/lib/tinyusb/src/portable/raspberrypi/rp2040/dcd_rp2040.c.obj
                0x10005854                dcd_edpt_close_all
 .text.dcd_edpt_xfer
                0x1000585c       0x24 CMakeFiles/Usar_SSD.dir/C_/Users/wilto/.pico-sdk/sdk/2.1.1/lib/tinyusb/src/portable/raspberrypi/rp2040/dcd_rp2040.c.obj
                0x1000585c                dcd_edpt_xfer
 .text.dcd_edpt_stall
                0x10005880       0x3c CMakeFiles/Usar_SSD.dir/C_/Users/wilto/.pico-sdk/sdk/2.1.1/lib/tinyusb/src/portable/raspberrypi/rp2040/dcd_rp2040.c.obj
                0x10005880                dcd_edpt_stall
 .text.dcd_edpt_clear_stall
                0x100058bc       0x30 CMakeFiles/Usar_SSD.dir/C_/Users/wilto/.pico-sdk/sdk/2.1.1/lib/tinyusb/src/portable/raspberrypi/rp2040/dcd_rp2040.c.obj
                0x100058bc                dcd_edpt_clear_stall
 .text.rp2040_usb_init
                0x100058ec       0x40 CMakeFiles/Usar_SSD.dir/C_/Users/wilto/.pico-sdk/sdk/2.1.1/lib/tinyusb/src/portable/raspberrypi/rp2040/rp2040_usb.c.obj
                0x100058ec                rp2040_usb_init
 .text.hw_endpoint_xfer_start
                0x1000592c       0x40 CMakeFiles/Usar_SSD.dir/C_/Users/wilto/.pico-sdk/sdk/2.1.1/lib/tinyusb/src/portable/raspberrypi/rp2040/rp2040_usb.c.obj
                0x1000592c                hw_endpoint_xfer_start
 .text.tud_event_hook_cb
                0x1000596c        0x4 CMakeFiles/Usar_SSD.dir/C_/Users/wilto/.pico-sdk/sdk/2.1.1/lib/tinyusb/src/device/usbd.c.obj
                0x1000596c                tud_event_hook_cb
 .text.tud_sof_cb
                0x10005970        0x4 CMakeFiles/Usar_SSD.dir/C_/Users/wilto/.pico-sdk/sdk/2.1.1/lib/tinyusb/src/device/usbd.c.obj
                0x10005970                tud_sof_cb
 .text.tud_descriptor_device_qualifier_cb
                0x10005974        0x4 CMakeFiles/Usar_SSD.dir/C_/Users/wilto/.pico-sdk/sdk/2.1.1/lib/tinyusb/src/device/usbd.c.obj
                0x10005974                tud_descriptor_device_qualifier_cb
 .text.tud_descriptor_other_speed_configuration_cb
                0x10005978        0x4 CMakeFiles/Usar_SSD.dir/C_/Users/wilto/.pico-sdk/sdk/2.1.1/lib/tinyusb/src/device/usbd.c.obj
                0x10005978                tud_descriptor_other_speed_configuration_cb
 .text.tud_mount_cb
                0x1000597c        0x4 CMakeFiles/Usar_SSD.dir/C_/Users/wilto/.pico-sdk/sdk/2.1.1/lib/tinyusb/src/device/usbd.c.obj
                0x1000597c                tud_mount_cb
 .text.tud_umount_cb
                0x10005980        0x4 CMakeFiles/Usar_SSD.dir/C_/Users/wilto/.pico-sdk/sdk/2.1.1/lib/tinyusb/src/device/usbd.c.obj
                0x10005980                tud_umount_cb
 .text.tud_suspend_cb
                0x10005984        0x4 CMakeFiles/Usar_SSD.dir/C_/Users/wilto/.pico-sdk/sdk/2.1.1/lib/tinyusb/src/device/usbd.c.obj
                0x10005984                tud_suspend_cb
 .text.tud_resume_cb
                0x10005988        0x4 CMakeFiles/Usar_SSD.dir/C_/Users/wilto/.pico-sdk/sdk/2.1.1/lib/tinyusb/src/device/usbd.c.obj
                0x10005988                tud_resume_cb
 .text.tud_mounted
                0x1000598c       0x10 CMakeFiles/Usar_SSD.dir/C_/Users/wilto/.pico-sdk/sdk/2.1.1/lib/tinyusb/src/device/usbd.c.obj
                0x1000598c                tud_mounted
 .text.tud_suspended
                0x1000599c       0x10 CMakeFiles/Usar_SSD.dir/C_/Users/wilto/.pico-sdk/sdk/2.1.1/lib/tinyusb/src/device/usbd.c.obj
                0x1000599c                tud_suspended
 .text.tud_rhport_init
                0x100059ac       0xf4 CMakeFiles/Usar_SSD.dir/C_/Users/wilto/.pico-sdk/sdk/2.1.1/lib/tinyusb/src/device/usbd.c.obj
                0x100059ac                tud_rhport_init
 .text.tud_task_ext
                0x10005aa0      0x800 CMakeFiles/Usar_SSD.dir/C_/Users/wilto/.pico-sdk/sdk/2.1.1/lib/tinyusb/src/device/usbd.c.obj
                0x10005aa0                tud_task_ext
 .text.usbd_open_edpt_pair
                0x100062a0       0x9c CMakeFiles/Usar_SSD.dir/C_/Users/wilto/.pico-sdk/sdk/2.1.1/lib/tinyusb/src/device/usbd.c.obj
                0x100062a0                usbd_open_edpt_pair
 .text.usbd_edpt_open
                0x1000633c       0x34 CMakeFiles/Usar_SSD.dir/C_/Users/wilto/.pico-sdk/sdk/2.1.1/lib/tinyusb/src/device/usbd.c.obj
                0x1000633c                usbd_edpt_open
 .text.usbd_edpt_claim
                0x10006370       0x28 CMakeFiles/Usar_SSD.dir/C_/Users/wilto/.pico-sdk/sdk/2.1.1/lib/tinyusb/src/device/usbd.c.obj
                0x10006370                usbd_edpt_claim
 .text.usbd_edpt_release
                0x10006398       0x28 CMakeFiles/Usar_SSD.dir/C_/Users/wilto/.pico-sdk/sdk/2.1.1/lib/tinyusb/src/device/usbd.c.obj
                0x10006398                usbd_edpt_release
 .text.usbd_edpt_xfer
                0x100063c0       0x4c CMakeFiles/Usar_SSD.dir/C_/Users/wilto/.pico-sdk/sdk/2.1.1/lib/tinyusb/src/device/usbd.c.obj
                0x100063c0                usbd_edpt_xfer
 .text.tud_control_status
                0x1000640c       0x2c CMakeFiles/Usar_SSD.dir/C_/Users/wilto/.pico-sdk/sdk/2.1.1/lib/tinyusb/src/device/usbd_control.c.obj
                0x1000640c                tud_control_status
 .text.tud_control_xfer
                0x10006438       0xa8 CMakeFiles/Usar_SSD.dir/C_/Users/wilto/.pico-sdk/sdk/2.1.1/lib/tinyusb/src/device/usbd_control.c.obj
                0x10006438                tud_control_xfer
 .text.usbd_control_reset
                0x100064e0       0x14 CMakeFiles/Usar_SSD.dir/C_/Users/wilto/.pico-sdk/sdk/2.1.1/lib/tinyusb/src/device/usbd_control.c.obj
                0x100064e0                usbd_control_reset
 .text.usbd_control_set_complete_callback
                0x100064f4        0xc CMakeFiles/Usar_SSD.dir/C_/Users/wilto/.pico-sdk/sdk/2.1.1/lib/tinyusb/src/device/usbd_control.c.obj
                0x100064f4                usbd_control_set_complete_callback
 .text.usbd_control_set_request
                0x10006500       0x1c CMakeFiles/Usar_SSD.dir/C_/Users/wilto/.pico-sdk/sdk/2.1.1/lib/tinyusb/src/device/usbd_control.c.obj
                0x10006500                usbd_control_set_request
 .text.usbd_control_xfer_cb
                0x1000651c       0xec CMakeFiles/Usar_SSD.dir/C_/Users/wilto/.pico-sdk/sdk/2.1.1/lib/tinyusb/src/device/usbd_control.c.obj
                0x1000651c                usbd_control_xfer_cb
 .text._prep_out_transaction.isra.0
                0x10006608       0x6c CMakeFiles/Usar_SSD.dir/C_/Users/wilto/.pico-sdk/sdk/2.1.1/lib/tinyusb/src/class/cdc/cdc_device.c.obj
 .text.tud_cdc_n_connected
                0x10006674       0x2c CMakeFiles/Usar_SSD.dir/C_/Users/wilto/.pico-sdk/sdk/2.1.1/lib/tinyusb/src/class/cdc/cdc_device.c.obj
                0x10006674                tud_cdc_n_connected
 .text.tud_cdc_n_available
                0x100066a0       0x14 CMakeFiles/Usar_SSD.dir/C_/Users/wilto/.pico-sdk/sdk/2.1.1/lib/tinyusb/src/class/cdc/cdc_device.c.obj
                0x100066a0                tud_cdc_n_available
 .text.tud_cdc_n_read
                0x100066b4       0x88 CMakeFiles/Usar_SSD.dir/C_/Users/wilto/.pico-sdk/sdk/2.1.1/lib/tinyusb/src/class/cdc/cdc_device.c.obj
                0x100066b4                tud_cdc_n_read
 .text.tud_cdc_n_write_flush
                0x1000673c       0x74 CMakeFiles/Usar_SSD.dir/C_/Users/wilto/.pico-sdk/sdk/2.1.1/lib/tinyusb/src/class/cdc/cdc_device.c.obj
                0x1000673c                tud_cdc_n_write_flush
 .text.tud_cdc_n_write
                0x100067b0       0x40 CMakeFiles/Usar_SSD.dir/C_/Users/wilto/.pico-sdk/sdk/2.1.1/lib/tinyusb/src/class/cdc/cdc_device.c.obj
                0x100067b0                tud_cdc_n_write
 .text.tud_cdc_n_write_available
                0x100067f0       0x14 CMakeFiles/Usar_SSD.dir/C_/Users/wilto/.pico-sdk/sdk/2.1.1/lib/tinyusb/src/class/cdc/cdc_device.c.obj
                0x100067f0                tud_cdc_n_write_available
 .text.cdcd_init
                0x10006804       0x70 CMakeFiles/Usar_SSD.dir/C_/Users/wilto/.pico-sdk/sdk/2.1.1/lib/tinyusb/src/class/cdc/cdc_device.c.obj
                0x10006804                cdcd_init
 .text.cdcd_deinit
                0x10006874       0x30 CMakeFiles/Usar_SSD.dir/C_/Users/wilto/.pico-sdk/sdk/2.1.1/lib/tinyusb/src/class/cdc/cdc_device.c.obj
                0x10006874                cdcd_deinit
 .text.cdcd_reset
                0x100068a4       0x4c CMakeFiles/Usar_SSD.dir/C_/Users/wilto/.pico-sdk/sdk/2.1.1/lib/tinyusb/src/class/cdc/cdc_device.c.obj
                0x100068a4                cdcd_reset
 .text.cdcd_open
                0x100068f0       0xa4 CMakeFiles/Usar_SSD.dir/C_/Users/wilto/.pico-sdk/sdk/2.1.1/lib/tinyusb/src/class/cdc/cdc_device.c.obj
                0x100068f0                cdcd_open
 .text.cdcd_control_xfer_cb
                0x10006994       0xe8 CMakeFiles/Usar_SSD.dir/C_/Users/wilto/.pico-sdk/sdk/2.1.1/lib/tinyusb/src/class/cdc/cdc_device.c.obj
                0x10006994                cdcd_control_xfer_cb
 .text.cdcd_xfer_cb
                0x10006a7c      0x100 CMakeFiles/Usar_SSD.dir/C_/Users/wilto/.pico-sdk/sdk/2.1.1/lib/tinyusb/src/class/cdc/cdc_device.c.obj
                0x10006a7c                cdcd_xfer_cb
 .text.vendord_init
                0x10006b7c       0x5c CMakeFiles/Usar_SSD.dir/C_/Users/wilto/.pico-sdk/sdk/2.1.1/lib/tinyusb/src/class/vendor/vendor_device.c.obj
                0x10006b7c                vendord_init
 .text.vendord_deinit
                0x10006bd8       0x1c CMakeFiles/Usar_SSD.dir/C_/Users/wilto/.pico-sdk/sdk/2.1.1/lib/tinyusb/src/class/vendor/vendor_device.c.obj
                0x10006bd8                vendord_deinit
 .text.vendord_reset
                0x10006bf4       0x28 CMakeFiles/Usar_SSD.dir/C_/Users/wilto/.pico-sdk/sdk/2.1.1/lib/tinyusb/src/class/vendor/vendor_device.c.obj
                0x10006bf4                vendord_reset
 .text.vendord_open
                0x10006c1c      0x120 CMakeFiles/Usar_SSD.dir/C_/Users/wilto/.pico-sdk/sdk/2.1.1/lib/tinyusb/src/class/vendor/vendor_device.c.obj
                0x10006c1c                vendord_open
 .text.vendord_xfer_cb
                0x10006d3c       0x9c CMakeFiles/Usar_SSD.dir/C_/Users/wilto/.pico-sdk/sdk/2.1.1/lib/tinyusb/src/class/vendor/vendor_device.c.obj
                0x10006d3c                vendord_xfer_cb
 .text.tusb_rhport_init
                0x10006dd8       0x4c CMakeFiles/Usar_SSD.dir/C_/Users/wilto/.pico-sdk/sdk/2.1.1/lib/tinyusb/src/tusb.c.obj
                0x10006dd8                tusb_rhport_init
 .text.tu_edpt_claim
                0x10006e24       0x50 CMakeFiles/Usar_SSD.dir/C_/Users/wilto/.pico-sdk/sdk/2.1.1/lib/tinyusb/src/tusb.c.obj
                0x10006e24                tu_edpt_claim
 .text.tu_edpt_release
                0x10006e74       0x38 CMakeFiles/Usar_SSD.dir/C_/Users/wilto/.pico-sdk/sdk/2.1.1/lib/tinyusb/src/tusb.c.obj
                0x10006e74                tu_edpt_release
 .text.tu_edpt_validate
                0x10006eac       0x7c CMakeFiles/Usar_SSD.dir/C_/Users/wilto/.pico-sdk/sdk/2.1.1/lib/tinyusb/src/tusb.c.obj
                0x10006eac                tu_edpt_validate
 .text.tu_edpt_bind_driver
                0x10006f28       0x34 CMakeFiles/Usar_SSD.dir/C_/Users/wilto/.pico-sdk/sdk/2.1.1/lib/tinyusb/src/tusb.c.obj
                0x10006f28                tu_edpt_bind_driver
 .text.tu_edpt_stream_init
                0x10006f5c       0x6c CMakeFiles/Usar_SSD.dir/C_/Users/wilto/.pico-sdk/sdk/2.1.1/lib/tinyusb/src/tusb.c.obj
                0x10006f5c                tu_edpt_stream_init
 .text.tu_edpt_stream_deinit
                0x10006fc8        0x4 CMakeFiles/Usar_SSD.dir/C_/Users/wilto/.pico-sdk/sdk/2.1.1/lib/tinyusb/src/tusb.c.obj
                0x10006fc8                tu_edpt_stream_deinit
 .text.tu_edpt_stream_write_zlp_if_needed
                0x10006fcc       0x68 CMakeFiles/Usar_SSD.dir/C_/Users/wilto/.pico-sdk/sdk/2.1.1/lib/tinyusb/src/tusb.c.obj
                0x10006fcc                tu_edpt_stream_write_zlp_if_needed
 .text.tu_edpt_stream_write_xfer
                0x10007034       0x68 CMakeFiles/Usar_SSD.dir/C_/Users/wilto/.pico-sdk/sdk/2.1.1/lib/tinyusb/src/tusb.c.obj
                0x10007034                tu_edpt_stream_write_xfer
 .text.tu_edpt_stream_read_xfer
                0x1000709c       0xd8 CMakeFiles/Usar_SSD.dir/C_/Users/wilto/.pico-sdk/sdk/2.1.1/lib/tinyusb/src/tusb.c.obj
                0x1000709c                tu_edpt_stream_read_xfer
 .text.tu_fifo_config
                0x10007174       0x6c CMakeFiles/Usar_SSD.dir/C_/Users/wilto/.pico-sdk/sdk/2.1.1/lib/tinyusb/src/common/tusb_fifo.c.obj
                0x10007174                tu_fifo_config
 .text.tu_fifo_count
                0x100071e0       0x2c CMakeFiles/Usar_SSD.dir/C_/Users/wilto/.pico-sdk/sdk/2.1.1/lib/tinyusb/src/common/tusb_fifo.c.obj
                0x100071e0                tu_fifo_count
 .text.tu_fifo_empty
                0x1000720c       0x10 CMakeFiles/Usar_SSD.dir/C_/Users/wilto/.pico-sdk/sdk/2.1.1/lib/tinyusb/src/common/tusb_fifo.c.obj
                0x1000720c                tu_fifo_empty
 .text.tu_fifo_remaining
                0x1000721c       0x2c CMakeFiles/Usar_SSD.dir/C_/Users/wilto/.pico-sdk/sdk/2.1.1/lib/tinyusb/src/common/tusb_fifo.c.obj
                0x1000721c                tu_fifo_remaining
 .text.tu_fifo_read
                0x10007248       0x9c CMakeFiles/Usar_SSD.dir/C_/Users/wilto/.pico-sdk/sdk/2.1.1/lib/tinyusb/src/common/tusb_fifo.c.obj
                0x10007248                tu_fifo_read
 .text.tu_fifo_read_n
                0x100072e4       0xe8 CMakeFiles/Usar_SSD.dir/C_/Users/wilto/.pico-sdk/sdk/2.1.1/lib/tinyusb/src/common/tusb_fifo.c.obj
                0x100072e4                tu_fifo_read_n
 .text.tu_fifo_write
                0x100073cc       0xa4 CMakeFiles/Usar_SSD.dir/C_/Users/wilto/.pico-sdk/sdk/2.1.1/lib/tinyusb/src/common/tusb_fifo.c.obj
                0x100073cc                tu_fifo_write
 .text.tu_fifo_write_n
                0x10007470      0x178 CMakeFiles/Usar_SSD.dir/C_/Users/wilto/.pico-sdk/sdk/2.1.1/lib/tinyusb/src/common/tusb_fifo.c.obj
                0x10007470                tu_fifo_write_n
 .text.tu_fifo_clear
                0x100075e8       0x40 CMakeFiles/Usar_SSD.dir/C_/Users/wilto/.pico-sdk/sdk/2.1.1/lib/tinyusb/src/common/tusb_fifo.c.obj
                0x100075e8                tu_fifo_clear
 .text.tu_fifo_set_overwritable
                0x10007628       0x48 CMakeFiles/Usar_SSD.dir/C_/Users/wilto/.pico-sdk/sdk/2.1.1/lib/tinyusb/src/common/tusb_fifo.c.obj
                0x10007628                tu_fifo_set_overwritable
 .text.ff_memalloc
                0x10007670        0x8 CMakeFiles/Usar_SSD.dir/lib/FatFs_SPI/ff15/source/ffsystem.c.obj
                0x10007670                ff_memalloc
 .text.ff_memfree
                0x10007678        0x8 CMakeFiles/Usar_SSD.dir/lib/FatFs_SPI/ff15/source/ffsystem.c.obj
                0x10007678                ff_memfree
 .text.ff_uni2oem
                0x10007680       0x40 CMakeFiles/Usar_SSD.dir/lib/FatFs_SPI/ff15/source/ffunicode.c.obj
                0x10007680                ff_uni2oem
 .text.ff_oem2uni
                0x100076c0       0x2c CMakeFiles/Usar_SSD.dir/lib/FatFs_SPI/ff15/source/ffunicode.c.obj
                0x100076c0                ff_oem2uni
 .text.ff_wtoupper
                0x100076ec       0xb8 CMakeFiles/Usar_SSD.dir/lib/FatFs_SPI/ff15/source/ffunicode.c.obj
                0x100076ec                ff_wtoupper
 .text.tchar2uni
                0x100077a4      0x100 CMakeFiles/Usar_SSD.dir/lib/FatFs_SPI/ff15/source/ff.c.obj
 .text.inc_share
                0x100078a4      0x37c CMakeFiles/Usar_SSD.dir/lib/FatFs_SPI/ff15/source/ff.c.obj
 .text.put_utf  0x10007c20       0xec CMakeFiles/Usar_SSD.dir/lib/FatFs_SPI/ff15/source/ff.c.obj
 .text.dir_clear
                0x10007d0c      0x1b0 CMakeFiles/Usar_SSD.dir/lib/FatFs_SPI/ff15/source/ff.c.obj
 .text.init_alloc_info.isra.0
                0x10007ebc       0x6c CMakeFiles/Usar_SSD.dir/lib/FatFs_SPI/ff15/source/ff.c.obj
 .text.pattern_match
                0x10007f28      0x104 CMakeFiles/Usar_SSD.dir/lib/FatFs_SPI/ff15/source/ff.c.obj
 .text.move_window
                0x1000802c       0xbc CMakeFiles/Usar_SSD.dir/lib/FatFs_SPI/ff15/source/ff.c.obj
 .text.put_fat.part.0
                0x100080e8      0x164 CMakeFiles/Usar_SSD.dir/lib/FatFs_SPI/ff15/source/ff.c.obj
 .text.get_fat  0x1000824c      0x1b0 CMakeFiles/Usar_SSD.dir/lib/FatFs_SPI/ff15/source/ff.c.obj
 .text.dir_next.constprop.0
                0x100083fc       0xbc CMakeFiles/Usar_SSD.dir/lib/FatFs_SPI/ff15/source/ff.c.obj
 .text.get_fileinfo
                0x100084b8      0x328 CMakeFiles/Usar_SSD.dir/lib/FatFs_SPI/ff15/source/ff.c.obj
 .text.sync_fs  0x100087e0       0xfc CMakeFiles/Usar_SSD.dir/lib/FatFs_SPI/ff15/source/ff.c.obj
 .text.check_fs
                0x100088dc      0x188 CMakeFiles/Usar_SSD.dir/lib/FatFs_SPI/ff15/source/ff.c.obj
 .text.mount_volume
                0x10008a64      0xac0 CMakeFiles/Usar_SSD.dir/lib/FatFs_SPI/ff15/source/ff.c.obj
 .text.load_xdir
                0x10009524      0x1c0 CMakeFiles/Usar_SSD.dir/lib/FatFs_SPI/ff15/source/ff.c.obj
 .text.dir_read.constprop.0
                0x100096e4      0x518 CMakeFiles/Usar_SSD.dir/lib/FatFs_SPI/ff15/source/ff.c.obj
 .text.dir_sdi  0x10009bfc      0x2f4 CMakeFiles/Usar_SSD.dir/lib/FatFs_SPI/ff15/source/ff.c.obj
 .text.store_xdir
                0x10009ef0      0x234 CMakeFiles/Usar_SSD.dir/lib/FatFs_SPI/ff15/source/ff.c.obj
 .text.dir_find
                0x1000a124      0x49c CMakeFiles/Usar_SSD.dir/lib/FatFs_SPI/ff15/source/ff.c.obj
 .text.follow_path
                0x1000a5c0      0x5b0 CMakeFiles/Usar_SSD.dir/lib/FatFs_SPI/ff15/source/ff.c.obj
 .text.remove_chain
                0x1000ab70      0x3e4 CMakeFiles/Usar_SSD.dir/lib/FatFs_SPI/ff15/source/ff.c.obj
 .text.create_chain
                0x1000af54      0x4fc CMakeFiles/Usar_SSD.dir/lib/FatFs_SPI/ff15/source/ff.c.obj
 .text.dir_alloc
                0x1000b450      0x214 CMakeFiles/Usar_SSD.dir/lib/FatFs_SPI/ff15/source/ff.c.obj
 .text.dir_register
                0x1000b664      0x950 CMakeFiles/Usar_SSD.dir/lib/FatFs_SPI/ff15/source/ff.c.obj
 .text.f_mount  0x1000bfb4      0x1c8 CMakeFiles/Usar_SSD.dir/lib/FatFs_SPI/ff15/source/ff.c.obj
                0x1000bfb4                f_mount
 .text.f_open   0x1000c17c      0x89c CMakeFiles/Usar_SSD.dir/lib/FatFs_SPI/ff15/source/ff.c.obj
                0x1000c17c                f_open
 .text.f_read   0x1000ca18      0x26c CMakeFiles/Usar_SSD.dir/lib/FatFs_SPI/ff15/source/ff.c.obj
                0x1000ca18                f_read
 .text.f_write  0x1000cc84      0x2f4 CMakeFiles/Usar_SSD.dir/lib/FatFs_SPI/ff15/source/ff.c.obj
                0x1000cc84                f_write
 .text.f_sync   0x1000cf78      0x2b8 CMakeFiles/Usar_SSD.dir/lib/FatFs_SPI/ff15/source/ff.c.obj
                0x1000cf78                f_sync
 .text.f_close  0x1000d230       0x78 CMakeFiles/Usar_SSD.dir/lib/FatFs_SPI/ff15/source/ff.c.obj
                0x1000d230                f_close
 .text.f_getcwd
                0x1000d2a8      0x36c CMakeFiles/Usar_SSD.dir/lib/FatFs_SPI/ff15/source/ff.c.obj
                0x1000d2a8                f_getcwd
 .text.f_closedir
                0x1000d614       0x70 CMakeFiles/Usar_SSD.dir/lib/FatFs_SPI/ff15/source/ff.c.obj
                0x1000d614                f_closedir
 .text.f_readdir
                0x1000d684       0x8c CMakeFiles/Usar_SSD.dir/lib/FatFs_SPI/ff15/source/ff.c.obj
                0x1000d684                f_readdir
 .text.f_findnext
                0x1000d710      0x2b4 CMakeFiles/Usar_SSD.dir/lib/FatFs_SPI/ff15/source/ff.c.obj
                0x1000d710                f_findnext
 .text.f_findfirst
                0x1000d9c4      0x118 CMakeFiles/Usar_SSD.dir/lib/FatFs_SPI/ff15/source/ff.c.obj
                0x1000d9c4                f_findfirst
 .text.f_getfree
                0x1000dadc      0x204 CMakeFiles/Usar_SSD.dir/lib/FatFs_SPI/ff15/source/ff.c.obj
                0x1000dadc                f_getfree
 .text.f_mkfs   0x1000dce0     0x1c90 CMakeFiles/Usar_SSD.dir/lib/FatFs_SPI/ff15/source/ff.c.obj
                0x1000dce0                f_mkfs
 .text.f_gets   0x1000f970      0x46c CMakeFiles/Usar_SSD.dir/lib/FatFs_SPI/ff15/source/ff.c.obj
                0x1000f970                f_gets
 .text.sd_spi_go_high_frequency
                0x1000fddc       0x10 CMakeFiles/Usar_SSD.dir/lib/FatFs_SPI/sd_driver/sd_spi.c.obj
                0x1000fddc                sd_spi_go_high_frequency
 .text.sd_spi_go_low_frequency
                0x1000fdec       0x14 CMakeFiles/Usar_SSD.dir/lib/FatFs_SPI/sd_driver/sd_spi.c.obj
                0x1000fdec                sd_spi_go_low_frequency
 .text.sd_spi_deselect_pulse
                0x1000fe00       0x44 CMakeFiles/Usar_SSD.dir/lib/FatFs_SPI/sd_driver/sd_spi.c.obj
                0x1000fe00                sd_spi_deselect_pulse
 .text.sd_spi_acquire
                0x1000fe44       0x30 CMakeFiles/Usar_SSD.dir/lib/FatFs_SPI/sd_driver/sd_spi.c.obj
                0x1000fe44                sd_spi_acquire
 .text.sd_spi_release
                0x1000fe74       0x30 CMakeFiles/Usar_SSD.dir/lib/FatFs_SPI/sd_driver/sd_spi.c.obj
                0x1000fe74                sd_spi_release
 .text.sd_spi_transfer
                0x1000fea4        0xc CMakeFiles/Usar_SSD.dir/lib/FatFs_SPI/sd_driver/sd_spi.c.obj
                0x1000fea4                sd_spi_transfer
 .text.sd_spi_write
                0x1000feb0       0x24 CMakeFiles/Usar_SSD.dir/lib/FatFs_SPI/sd_driver/sd_spi.c.obj
                0x1000feb0                sd_spi_write
 .text.sd_spi_send_initializing_sequence
                0x1000fed4       0x78 CMakeFiles/Usar_SSD.dir/lib/FatFs_SPI/sd_driver/sd_spi.c.obj
                0x1000fed4                sd_spi_send_initializing_sequence
 .text.spi_lock
                0x1000ff4c        0xc CMakeFiles/Usar_SSD.dir/lib/FatFs_SPI/sd_driver/spi.c.obj
                0x1000ff4c                spi_lock
 .text.spi_unlock
                0x1000ff58        0xc CMakeFiles/Usar_SSD.dir/lib/FatFs_SPI/sd_driver/spi.c.obj
                0x1000ff58                spi_unlock
 .text.my_spi_init
                0x1000ff64      0x1b4 CMakeFiles/Usar_SSD.dir/lib/FatFs_SPI/sd_driver/spi.c.obj
                0x1000ff64                my_spi_init
 .text.sd_test_com
                0x10010118      0x1b8 CMakeFiles/Usar_SSD.dir/lib/FatFs_SPI/sd_driver/sd_card.c.obj
 .text.sd_cmd   0x100102d0      0x348 CMakeFiles/Usar_SSD.dir/lib/FatFs_SPI/sd_driver/sd_card.c.obj
 .text.sd_sectors_nolock
                0x10010618      0x178 CMakeFiles/Usar_SSD.dir/lib/FatFs_SPI/sd_driver/sd_card.c.obj
 .text.sd_read_blocks
                0x10010790      0x190 CMakeFiles/Usar_SSD.dir/lib/FatFs_SPI/sd_driver/sd_card.c.obj
                0x10010790                sd_read_blocks
 .text.sd_write_blocks
                0x10010920      0x1fc CMakeFiles/Usar_SSD.dir/lib/FatFs_SPI/sd_driver/sd_card.c.obj
                0x10010920                sd_write_blocks
 .text.sd_init  0x10010b1c      0x210 CMakeFiles/Usar_SSD.dir/lib/FatFs_SPI/sd_driver/sd_card.c.obj
 .text.sd_card_detect
                0x10010d2c       0x44 CMakeFiles/Usar_SSD.dir/lib/FatFs_SPI/sd_driver/sd_card.c.obj
                0x10010d2c                sd_card_detect
 .text.sd_sectors
                0x10010d70       0x30 CMakeFiles/Usar_SSD.dir/lib/FatFs_SPI/sd_driver/sd_card.c.obj
                0x10010d70                sd_sectors
 .text.sd_init_driver
                0x10010da0      0x110 CMakeFiles/Usar_SSD.dir/lib/FatFs_SPI/sd_driver/sd_card.c.obj
                0x10010da0                sd_init_driver
 .text.crc7     0x10010eb0       0x28 CMakeFiles/Usar_SSD.dir/lib/FatFs_SPI/sd_driver/crc.c.obj
                0x10010eb0                crc7
 .text.crc16    0x10010ed8       0x30 CMakeFiles/Usar_SSD.dir/lib/FatFs_SPI/sd_driver/crc.c.obj
                0x10010ed8                crc16
 .text.disk_status
                0x10010f08       0x18 CMakeFiles/Usar_SSD.dir/lib/FatFs_SPI/src/glue.c.obj
                0x10010f08                disk_status
 .text.disk_initialize
                0x10010f20       0x2c CMakeFiles/Usar_SSD.dir/lib/FatFs_SPI/src/glue.c.obj
                0x10010f20                disk_initialize
 .text.disk_read
                0x10010f4c       0x74 CMakeFiles/Usar_SSD.dir/lib/FatFs_SPI/src/glue.c.obj
                0x10010f4c                disk_read
 .text.disk_write
                0x10010fc0       0x74 CMakeFiles/Usar_SSD.dir/lib/FatFs_SPI/src/glue.c.obj
                0x10010fc0                disk_write
 .text.disk_ioctl
                0x10011034       0x3c CMakeFiles/Usar_SSD.dir/lib/FatFs_SPI/src/glue.c.obj
                0x10011034                disk_ioctl
 .text.FRESULT_str
                0x10011070       0x18 CMakeFiles/Usar_SSD.dir/lib/FatFs_SPI/src/f_util.c.obj
                0x10011070                FRESULT_str
 .text.time_init
                0x10011088       0x54 CMakeFiles/Usar_SSD.dir/lib/FatFs_SPI/src/rtc.c.obj
                0x10011088                time_init
 .text.get_fattime
                0x100110dc       0x64 CMakeFiles/Usar_SSD.dir/lib/FatFs_SPI/src/rtc.c.obj
                0x100110dc                get_fattime
 .text.spi_init
                0x10011140      0x13c CMakeFiles/Usar_SSD.dir/C_/Users/wilto/.pico-sdk/sdk/2.1.1/src/rp2_common/hardware_spi/spi.c.obj
                0x10011140                spi_init
 .text.spi_set_baudrate
                0x1001127c       0xb8 CMakeFiles/Usar_SSD.dir/C_/Users/wilto/.pico-sdk/sdk/2.1.1/src/rp2_common/hardware_spi/spi.c.obj
                0x1001127c                spi_set_baudrate
 .text.dma_claim_unused_channel
                0x10011334       0x24 CMakeFiles/Usar_SSD.dir/C_/Users/wilto/.pico-sdk/sdk/2.1.1/src/rp2_common/hardware_dma/dma.c.obj
                0x10011334                dma_claim_unused_channel
 .text.rtc_init
                0x10011358       0x38 CMakeFiles/Usar_SSD.dir/C_/Users/wilto/.pico-sdk/sdk/2.1.1/src/rp2_common/hardware_rtc/rtc.c.obj
                0x10011358                rtc_init
 .text.rtc_set_datetime
                0x10011390       0xac CMakeFiles/Usar_SSD.dir/C_/Users/wilto/.pico-sdk/sdk/2.1.1/src/rp2_common/hardware_rtc/rtc.c.obj
                0x10011390                rtc_set_datetime
 .text.rtc_get_datetime
                0x1001143c       0x44 CMakeFiles/Usar_SSD.dir/C_/Users/wilto/.pico-sdk/sdk/2.1.1/src/rp2_common/hardware_rtc/rtc.c.obj
                0x1001143c                rtc_get_datetime
 .text.adc_init
                0x10011480       0x38 CMakeFiles/Usar_SSD.dir/C_/Users/wilto/.pico-sdk/sdk/2.1.1/src/rp2_common/hardware_adc/adc.c.obj
                0x10011480                adc_init
 .text.atoi     0x100114b8        0xc C:/Users/wilto/.pico-sdk/toolchain/14_2_Rel1/bin/../lib/gcc/arm-none-eabi/14.2.1/thumb/v6-m/nofp\libg.a(libc_a-atoi.o)
                0x100114b8                atoi
 .text.malloc   0x100114c4       0x14 C:/Users/wilto/.pico-sdk/toolchain/14_2_Rel1/bin/../lib/gcc/arm-none-eabi/14.2.1/thumb/v6-m/nofp\libg.a(libc_a-malloc.o)
                0x100114c4                malloc
 .text.free     0x100114d8       0x14 C:/Users/wilto/.pico-sdk/toolchain/14_2_Rel1/bin/../lib/gcc/arm-none-eabi/14.2.1/thumb/v6-m/nofp\libg.a(libc_a-malloc.o)
                0x100114d8                free
 .text._malloc_r
                0x100114ec      0x5cc C:/Users/wilto/.pico-sdk/toolchain/14_2_Rel1/bin/../lib/gcc/arm-none-eabi/14.2.1/thumb/v6-m/nofp\libg.a(libc_a-mallocr.o)
                0x100114ec                _malloc_r
 .text.__malloc_lock
                0x10011ab8       0x10 C:/Users/wilto/.pico-sdk/toolchain/14_2_Rel1/bin/../lib/gcc/arm-none-eabi/14.2.1/thumb/v6-m/nofp\libg.a(libc_a-mlock.o)
                0x10011ab8                __malloc_lock
 .text.__malloc_unlock
                0x10011ac8       0x10 C:/Users/wilto/.pico-sdk/toolchain/14_2_Rel1/bin/../lib/gcc/arm-none-eabi/14.2.1/thumb/v6-m/nofp\libg.a(libc_a-mlock.o)
                0x10011ac8                __malloc_unlock
 .text._strtol_l.isra.0
                0x10011ad8      0x158 C:/Users/wilto/.pico-sdk/toolchain/14_2_Rel1/bin/../lib/gcc/arm-none-eabi/14.2.1/thumb/v6-m/nofp\libg.a(libc_a-strtol.o)
 .text.strtol   0x10011c30       0x18 C:/Users/wilto/.pico-sdk/toolchain/14_2_Rel1/bin/../lib/gcc/arm-none-eabi/14.2.1/thumb/v6-m/nofp\libg.a(libc_a-strtol.o)
                0x10011c30                strtol
 .text.memcmp   0x10011c48       0x48 C:/Users/wilto/.pico-sdk/toolchain/14_2_Rel1/bin/../lib/gcc/arm-none-eabi/14.2.1/thumb/v6-m/nofp\libg.a(libc_a-memcmp.o)
                0x10011c48                memcmp
 .text.strchr   0x10011c90       0xc4 C:/Users/wilto/.pico-sdk/toolchain/14_2_Rel1/bin/../lib/gcc/arm-none-eabi/14.2.1/thumb/v6-m/nofp\libg.a(libc_a-strchr.o)
                0x10011c90                strchr
 .text.strnlen  0x10011d54       0x20 C:/Users/wilto/.pico-sdk/toolchain/14_2_Rel1/bin/../lib/gcc/arm-none-eabi/14.2.1/thumb/v6-m/nofp\libg.a(libc_a-strnlen.o)
                0x10011d54                strnlen
 .text.strtok   0x10011d74       0x14 C:/Users/wilto/.pico-sdk/toolchain/14_2_Rel1/bin/../lib/gcc/arm-none-eabi/14.2.1/thumb/v6-m/nofp\libg.a(libc_a-strtok.o)
                0x10011d74                strtok
 .text.__strtok_r
                0x10011d88       0x64 C:/Users/wilto/.pico-sdk/toolchain/14_2_Rel1/bin/../lib/gcc/arm-none-eabi/14.2.1/thumb/v6-m/nofp\libg.a(libc_a-strtok_r.o)
                0x10011d88                __strtok_r
 .text._sbrk_r  0x10011dec       0x24 C:/Users/wilto/.pico-sdk/toolchain/14_2_Rel1/bin/../lib/gcc/arm-none-eabi/14.2.1/thumb/v6-m/nofp\libg.a(libc_a-sbrkr.o)
                0x10011dec                _sbrk_r
 .text.__errno  0x10011e10        0xc C:/Users/wilto/.pico-sdk/toolchain/14_2_Rel1/bin/../lib/gcc/arm-none-eabi/14.2.1/thumb/v6-m/nofp\libg.a(libc_a-errno.o)
                0x10011e10                __errno
 .text.__retarget_lock_acquire_recursive
                0x10011e1c        0x4 C:/Users/wilto/.pico-sdk/toolchain/14_2_Rel1/bin/../lib/gcc/arm-none-eabi/14.2.1/thumb/v6-m/nofp\libg.a(libc_a-lock.o)
                0x10011e1c                __retarget_lock_acquire_recursive
 .text.__retarget_lock_release_recursive
                0x10011e20        0x4 C:/Users/wilto/.pico-sdk/toolchain/14_2_Rel1/bin/../lib/gcc/arm-none-eabi/14.2.1/thumb/v6-m/nofp\libg.a(libc_a-lock.o)
                0x10011e20                __retarget_lock_release_recursive
 .text.sysconf  0x10011e24       0x1c C:/Users/wilto/.pico-sdk/toolchain/14_2_Rel1/bin/../lib/gcc/arm-none-eabi/14.2.1/thumb/v6-m/nofp\libg.a(libc_a-sysconf.o)
                0x10011e24                sysconf
 .text          0x10011e40       0x88 C:/Users/wilto/.pico-sdk/toolchain/14_2_Rel1/bin/../lib/gcc/arm-none-eabi/14.2.1/thumb/v6-m/nofp\libg.a(libc_a-strcmp.o)
                0x10011e40                strcmp
 .text.strlen   0x10011ec8       0x5c C:/Users/wilto/.pico-sdk/toolchain/14_2_Rel1/bin/../lib/gcc/arm-none-eabi/14.2.1/thumb/v6-m/nofp\libg.a(libc_a-strlen-stub.o)
                0x10011ec8                strlen
 .text._malloc_trim_r
                0x10011f24       0xb4 C:/Users/wilto/.pico-sdk/toolchain/14_2_Rel1/bin/../lib/gcc/arm-none-eabi/14.2.1/thumb/v6-m/nofp\libg.a(libc_a-freer.o)
                0x10011f24                _malloc_trim_r
 .text._free_r  0x10011fd8      0x1f0 C:/Users/wilto/.pico-sdk/toolchain/14_2_Rel1/bin/../lib/gcc/arm-none-eabi/14.2.1/thumb/v6-m/nofp\libg.a(libc_a-freer.o)
                0x10011fd8                _free_r
 *(.fini)
 .fini          0x100121c8        0x4 C:/Users/wilto/.pico-sdk/toolchain/14_2_Rel1/bin/../lib/gcc/arm-none-eabi/14.2.1/thumb/v6-m/nofp/crti.o
                0x100121c8                _fini
 *fill*         0x100121cc        0x4 
 .fini.__stub   0x100121d0       0xf0 linker stubs
 *crtbegin.o(.ctors)
 *crtbegin?.o(.ctors)
 *(EXCLUDE_FILE(*crtend.o *crtend?.o) .ctors)
 *(SORT_BY_NAME(.ctors.*))
 *(.ctors)
 *crtbegin.o(.dtors)
 *crtbegin?.o(.dtors)
 *(EXCLUDE_FILE(*crtend.o *crtend?.o) .dtors)
 *(SORT_BY_NAME(.dtors.*))
 *(.dtors)
                0x100122c0                        . = ALIGN (0x4)
                0x100122c0                        PROVIDE (__preinit_array_start = .)
 *(SORT_BY_NAME(.preinit_array.*))
 .preinit_array.00100
                0x100122c0        0x4 CMakeFiles/Usar_SSD.dir/C_/Users/wilto/.pico-sdk/sdk/2.1.1/src/rp2_common/pico_runtime_init/runtime_init.c.obj
                0x100122c0                __pre_init_runtime_init_early_resets
 .preinit_array.00101
                0x100122c4        0x4 CMakeFiles/Usar_SSD.dir/C_/Users/wilto/.pico-sdk/sdk/2.1.1/src/rp2_common/pico_runtime_init/runtime_init.c.obj
                0x100122c4                __pre_init_runtime_init_usb_power_down
 .preinit_array.00275
                0x100122c8        0x4 CMakeFiles/Usar_SSD.dir/C_/Users/wilto/.pico-sdk/sdk/2.1.1/src/rp2_common/pico_bit_ops/bit_ops_aeabi.S.obj
 .preinit_array.00300
                0x100122cc        0x4 CMakeFiles/Usar_SSD.dir/C_/Users/wilto/.pico-sdk/sdk/2.1.1/src/rp2_common/pico_mem_ops/mem_ops_aeabi.S.obj
 .preinit_array.00350
                0x100122d0        0x4 CMakeFiles/Usar_SSD.dir/C_/Users/wilto/.pico-sdk/sdk/2.1.1/src/rp2_common/pico_double/double_aeabi_rp2040.S.obj
 .preinit_array.00350
                0x100122d4        0x4 CMakeFiles/Usar_SSD.dir/C_/Users/wilto/.pico-sdk/sdk/2.1.1/src/rp2_common/pico_float/float_aeabi_rp2040.S.obj
 .preinit_array.00500
                0x100122d8        0x4 CMakeFiles/Usar_SSD.dir/C_/Users/wilto/.pico-sdk/sdk/2.1.1/src/rp2_common/pico_runtime_init/runtime_init.c.obj
                0x100122d8                __pre_init_runtime_init_clocks
 .preinit_array.00600
                0x100122dc        0x4 CMakeFiles/Usar_SSD.dir/C_/Users/wilto/.pico-sdk/sdk/2.1.1/src/rp2_common/pico_runtime_init/runtime_init.c.obj
                0x100122dc                __pre_init_runtime_init_post_clock_resets
 .preinit_array.00700
                0x100122e0        0x4 CMakeFiles/Usar_SSD.dir/C_/Users/wilto/.pico-sdk/sdk/2.1.1/src/rp2_common/pico_runtime_init/runtime_init.c.obj
                0x100122e0                __pre_init_runtime_init_rp2040_gpio_ie_disable
 .preinit_array.01000
                0x100122e4        0x4 CMakeFiles/Usar_SSD.dir/C_/Users/wilto/.pico-sdk/sdk/2.1.1/src/rp2_common/pico_runtime_init/runtime_init.c.obj
                0x100122e4                __pre_init_runtime_init_spin_locks_reset
 .preinit_array.01100
                0x100122e8        0x4 CMakeFiles/Usar_SSD.dir/C_/Users/wilto/.pico-sdk/sdk/2.1.1/src/common/pico_sync/mutex.c.obj
                0x100122e8                __pre_init_runtime_init_mutex
 .preinit_array.10080
                0x100122ec        0x4 CMakeFiles/Usar_SSD.dir/C_/Users/wilto/.pico-sdk/sdk/2.1.1/src/rp2_common/pico_runtime_init/runtime_init.c.obj
                0x100122ec                __pre_init_runtime_init_install_ram_vector_table
 .preinit_array.11000
                0x100122f0        0x4 CMakeFiles/Usar_SSD.dir/C_/Users/wilto/.pico-sdk/sdk/2.1.1/src/common/pico_time/time.c.obj
                0x100122f0                __pre_init_runtime_init_default_alarm_pool
 .preinit_array.YYYYY
                0x100122f4        0x4 CMakeFiles/Usar_SSD.dir/C_/Users/wilto/.pico-sdk/sdk/2.1.1/src/rp2_common/pico_runtime/runtime.c.obj
                0x100122f4                __pre_init_first_per_core_initializer
 .preinit_array.ZZZZZ.01200
                0x100122f8        0x4 CMakeFiles/Usar_SSD.dir/C_/Users/wilto/.pico-sdk/sdk/2.1.1/src/rp2_common/hardware_irq/irq.c.obj
                0x100122f8                __pre_init_runtime_init_per_core_irq_priorities
 *(.preinit_array)
                0x100122fc                        PROVIDE (__preinit_array_end = .)
                0x100122fc                        . = ALIGN (0x4)
                0x100122fc                        PROVIDE (__init_array_start = .)
 *(SORT_BY_NAME(.init_array.*))
 *(.init_array)
 .init_array    0x100122fc        0x4 C:/Users/wilto/.pico-sdk/toolchain/14_2_Rel1/bin/../lib/gcc/arm-none-eabi/14.2.1/thumb/v6-m/nofp/crtbegin.o
 .init_array    0x10012300        0x4 CMakeFiles/Usar_SSD.dir/C_/Users/wilto/.pico-sdk/sdk/2.1.1/src/rp2_common/pico_unique_id/unique_id.c.obj
                0x10012304                        PROVIDE (__init_array_end = .)
                0x10012304                        . = ALIGN (0x4)
                [!provide]                        PROVIDE (__fini_array_start = .)
 *(SORT_BY_NAME(.fini_array.*))
 *(.fini_array)
                [!provide]                        PROVIDE (__fini_array_end = .)
 *(.eh_frame*)
 .eh_frame      0x10012304        0x0 C:/Users/wilto/.pico-sdk/toolchain/14_2_Rel1/bin/../lib/gcc/arm-none-eabi/14.2.1/thumb/v6-m/nofp/crtbegin.o
                0x10012304                        . = ALIGN (0x4)

.glue_7         0x10012304        0x0
 .glue_7        0x10012304        0x0 linker stubs

.glue_7t        0x10012304        0x0
 .glue_7t       0x10012304        0x0 linker stubs

.vfp11_veneer   0x10012304        0x0
 .vfp11_veneer  0x10012304        0x0 linker stubs

.v4_bx          0x10012304        0x0
 .v4_bx         0x10012304        0x0 linker stubs

.iplt           0x10012304        0x0
 .iplt          0x10012304        0x0 C:/Users/wilto/.pico-sdk/toolchain/14_2_Rel1/bin/../lib/gcc/arm-none-eabi/14.2.1/thumb/v6-m/nofp/crtbegin.o

.rodata         0x10012308     0x1b6c
 *(EXCLUDE_FILE(*libm.a: *libc.a:*lib_a-mem*.o *libgcc.a:) .rodata*)
 .rodata.run_help.str1.4
                0x10012308      0xd5e CMakeFiles/Usar_SSD.dir/Cartao_FatFS_SPI.c.obj
                                0x196 (size before relaxing)
 .rodata.run_cat.str1.4
                0x10013066       0x33 CMakeFiles/Usar_SSD.dir/Cartao_FatFS_SPI.c.obj
 .rodata.run_unmount.str1.4
                0x10013066       0x56 CMakeFiles/Usar_SSD.dir/Cartao_FatFS_SPI.c.obj
 .rodata.run_ls.str1.4
                0x10013066       0x95 CMakeFiles/Usar_SSD.dir/Cartao_FatFS_SPI.c.obj
 .rodata.read_file.constprop.0.str1.4
                0x10013066       0xb9 CMakeFiles/Usar_SSD.dir/Cartao_FatFS_SPI.c.obj
 .rodata.run_format.str1.4
                0x10013066       0x17 CMakeFiles/Usar_SSD.dir/Cartao_FatFS_SPI.c.obj
 .rodata.run_getfree.str1.4
                0x10013066       0x4f CMakeFiles/Usar_SSD.dir/Cartao_FatFS_SPI.c.obj
 .rodata.run_mount.str1.4
                0x10013066       0x46 CMakeFiles/Usar_SSD.dir/Cartao_FatFS_SPI.c.obj
 .rodata.capture_adc_data_and_save.str1.4
                0x10013066       0xee CMakeFiles/Usar_SSD.dir/Cartao_FatFS_SPI.c.obj
 .rodata.main.str1.4
                0x10013066      0x1b3 CMakeFiles/Usar_SSD.dir/Cartao_FatFS_SPI.c.obj
 .rodata.str1.4
                0x10013066      0x147 CMakeFiles/Usar_SSD.dir/Cartao_FatFS_SPI.c.obj
 *fill*         0x10013066        0x2 
 .rodata.cmds   0x10013068       0x60 CMakeFiles/Usar_SSD.dir/Cartao_FatFS_SPI.c.obj
 .rodata.str1.4
                0x100130c8        0x3 CMakeFiles/Usar_SSD.dir/hw_config.c.obj
 .rodata.panic.str1.4
                0x100130c8       0x12 CMakeFiles/Usar_SSD.dir/C_/Users/wilto/.pico-sdk/sdk/2.1.1/src/rp2_common/pico_platform_panic/panic.c.obj
 .rodata.spin_lock_claim_unused.str1.4
                0x100130c8       0x1b CMakeFiles/Usar_SSD.dir/C_/Users/wilto/.pico-sdk/sdk/2.1.1/src/rp2_common/hardware_sync/sync.c.obj
 .rodata.user_irq_claim_unused.str1.4
                0x100130c8       0x1b CMakeFiles/Usar_SSD.dir/C_/Users/wilto/.pico-sdk/sdk/2.1.1/src/rp2_common/hardware_irq/irq.c.obj
 .rodata.timer_hardware_alarm_claim.str1.4
                0x100130c8       0x22 CMakeFiles/Usar_SSD.dir/C_/Users/wilto/.pico-sdk/sdk/2.1.1/src/rp2_common/hardware_timer/timer.c.obj
 .rodata.hard_assertion_failure.str1.4
                0x100130c8        0xc CMakeFiles/Usar_SSD.dir/C_/Users/wilto/.pico-sdk/sdk/2.1.1/src/rp2_common/pico_runtime/runtime.c.obj
 .rodata.missing_double_func_shim.str1.4
                0x100130c8       0x18 CMakeFiles/Usar_SSD.dir/C_/Users/wilto/.pico-sdk/sdk/2.1.1/src/rp2_common/pico_double/double_init_rom_rp2040.c.obj
 .rodata.missing_float_func_shim.str1.4
                0x100130c8        0x1 CMakeFiles/Usar_SSD.dir/C_/Users/wilto/.pico-sdk/sdk/2.1.1/src/rp2_common/pico_float/float_init_rom_rp2040.c.obj
 .rodata.__wrap_malloc.str1.4
                0x100130c8        0xe CMakeFiles/Usar_SSD.dir/C_/Users/wilto/.pico-sdk/sdk/2.1.1/src/rp2_common/pico_malloc/malloc.c.obj
 .rodata.str1.4
                0x100130c8       0x40 CMakeFiles/Usar_SSD.dir/C_/Users/wilto/.pico-sdk/sdk/2.1.1/src/rp2_common/pico_standard_binary_info/standard_binary_info.c.obj
 .rodata.__bi_84
                0x100130c8        0xc CMakeFiles/Usar_SSD.dir/C_/Users/wilto/.pico-sdk/sdk/2.1.1/src/rp2_common/pico_standard_binary_info/standard_binary_info.c.obj
 .rodata.__bi_78
                0x100130d4        0xc CMakeFiles/Usar_SSD.dir/C_/Users/wilto/.pico-sdk/sdk/2.1.1/src/rp2_common/pico_standard_binary_info/standard_binary_info.c.obj
 .rodata.__bi_54
                0x100130e0        0xc CMakeFiles/Usar_SSD.dir/C_/Users/wilto/.pico-sdk/sdk/2.1.1/src/rp2_common/pico_standard_binary_info/standard_binary_info.c.obj
 .rodata.__bi_48
                0x100130ec        0xc CMakeFiles/Usar_SSD.dir/C_/Users/wilto/.pico-sdk/sdk/2.1.1/src/rp2_common/pico_standard_binary_info/standard_binary_info.c.obj
 .rodata.__bi_42
                0x100130f8        0xc CMakeFiles/Usar_SSD.dir/C_/Users/wilto/.pico-sdk/sdk/2.1.1/src/rp2_common/pico_standard_binary_info/standard_binary_info.c.obj
 .rodata.__bi_34
                0x10013104        0xc CMakeFiles/Usar_SSD.dir/C_/Users/wilto/.pico-sdk/sdk/2.1.1/src/rp2_common/pico_standard_binary_info/standard_binary_info.c.obj
 .rodata.__bi_26
                0x10013110        0xc CMakeFiles/Usar_SSD.dir/C_/Users/wilto/.pico-sdk/sdk/2.1.1/src/rp2_common/pico_standard_binary_info/standard_binary_info.c.obj
 .rodata._ftoa.str1.4
                0x1001311c       0x15 CMakeFiles/Usar_SSD.dir/C_/Users/wilto/.pico-sdk/sdk/2.1.1/src/rp2_common/pico_printf/printf.c.obj
 .rodata._vsnprintf
                0x1001311c      0x19c CMakeFiles/Usar_SSD.dir/C_/Users/wilto/.pico-sdk/sdk/2.1.1/src/rp2_common/pico_printf/printf.c.obj
 .rodata.pow10.0
                0x100132b8       0x50 CMakeFiles/Usar_SSD.dir/C_/Users/wilto/.pico-sdk/sdk/2.1.1/src/rp2_common/pico_printf/printf.c.obj
 .rodata.crlf_str.0
                0x10013308        0x2 CMakeFiles/Usar_SSD.dir/C_/Users/wilto/.pico-sdk/sdk/2.1.1/src/rp2_common/pico_stdio/stdio.c.obj
 *fill*         0x1001330a        0x2 
 .rodata._resetd_driver
                0x1001330c       0x20 CMakeFiles/Usar_SSD.dir/C_/Users/wilto/.pico-sdk/sdk/2.1.1/src/rp2_common/pico_stdio_usb/reset_interface.c.obj
 .rodata.desc_ms_os_20
                0x1001332c       0xa6 CMakeFiles/Usar_SSD.dir/C_/Users/wilto/.pico-sdk/sdk/2.1.1/src/rp2_common/pico_stdio_usb/reset_interface.c.obj
 *fill*         0x100133d2        0x2 
 .rodata.desc_bos
                0x100133d4       0x21 CMakeFiles/Usar_SSD.dir/C_/Users/wilto/.pico-sdk/sdk/2.1.1/src/rp2_common/pico_stdio_usb/reset_interface.c.obj
                0x100133d4                desc_bos
 .rodata.str1.4
                0x100133f5       0x13 CMakeFiles/Usar_SSD.dir/C_/Users/wilto/.pico-sdk/sdk/2.1.1/src/rp2_common/pico_stdio_usb/stdio_usb.c.obj
 *fill*         0x100133f5        0x3 
 .rodata.__bi_197.0
                0x100133f8        0xc CMakeFiles/Usar_SSD.dir/C_/Users/wilto/.pico-sdk/sdk/2.1.1/src/rp2_common/pico_stdio_usb/stdio_usb.c.obj
 .rodata.str1.4
                0x10013404       0x2a CMakeFiles/Usar_SSD.dir/C_/Users/wilto/.pico-sdk/sdk/2.1.1/src/rp2_common/pico_stdio_usb/stdio_usb_descriptors.c.obj
 .rodata.usbd_desc_str
                0x10013404       0x18 CMakeFiles/Usar_SSD.dir/C_/Users/wilto/.pico-sdk/sdk/2.1.1/src/rp2_common/pico_stdio_usb/stdio_usb_descriptors.c.obj
 .rodata.usbd_desc_cfg
                0x1001341c       0x54 CMakeFiles/Usar_SSD.dir/C_/Users/wilto/.pico-sdk/sdk/2.1.1/src/rp2_common/pico_stdio_usb/stdio_usb_descriptors.c.obj
 .rodata.usbd_desc_device
                0x10013470       0x12 CMakeFiles/Usar_SSD.dir/C_/Users/wilto/.pico-sdk/sdk/2.1.1/src/rp2_common/pico_stdio_usb/stdio_usb_descriptors.c.obj
 .rodata.str1.4
                0x10013482       0x14 CMakeFiles/Usar_SSD.dir/C_/Users/wilto/.pico-sdk/sdk/2.1.1/lib/tinyusb/src/portable/raspberrypi/rp2040/dcd_rp2040.c.obj
 .rodata.str1.4
                0x10013482       0x48 CMakeFiles/Usar_SSD.dir/C_/Users/wilto/.pico-sdk/sdk/2.1.1/lib/tinyusb/src/portable/raspberrypi/rp2040/rp2040_usb.c.obj
 *fill*         0x10013482        0x2 
 .rodata.tud_task_ext
                0x10013484       0x8c CMakeFiles/Usar_SSD.dir/C_/Users/wilto/.pico-sdk/sdk/2.1.1/lib/tinyusb/src/device/usbd.c.obj
 .rodata        0x10013510       0x1c CMakeFiles/Usar_SSD.dir/C_/Users/wilto/.pico-sdk/sdk/2.1.1/lib/tinyusb/src/device/usbd.c.obj
 .rodata._usbd_driver
                0x1001352c       0x40 CMakeFiles/Usar_SSD.dir/C_/Users/wilto/.pico-sdk/sdk/2.1.1/lib/tinyusb/src/device/usbd.c.obj
 .rodata.ff_wtoupper
                0x1001356c       0x24 CMakeFiles/Usar_SSD.dir/lib/FatFs_SPI/ff15/source/ffunicode.c.obj
 .rodata.cvt2.0
                0x10013590       0xbc CMakeFiles/Usar_SSD.dir/lib/FatFs_SPI/ff15/source/ffunicode.c.obj
 .rodata.cvt1.1
                0x1001364c      0x1f2 CMakeFiles/Usar_SSD.dir/lib/FatFs_SPI/ff15/source/ffunicode.c.obj
 *fill*         0x1001383e        0x2 
 .rodata.uc437  0x10013840      0x100 CMakeFiles/Usar_SSD.dir/lib/FatFs_SPI/ff15/source/ffunicode.c.obj
 .rodata.check_fs.str1.4
                0x10013940       0x15 CMakeFiles/Usar_SSD.dir/lib/FatFs_SPI/ff15/source/ff.c.obj
 .rodata.follow_path.str1.4
                0x10013940       0x13 CMakeFiles/Usar_SSD.dir/lib/FatFs_SPI/ff15/source/ff.c.obj
 .rodata.f_mkfs.str1.4
                0x10013940       0x45 CMakeFiles/Usar_SSD.dir/lib/FatFs_SPI/ff15/source/ff.c.obj
 .rodata.defopt.3
                0x10013940       0x10 CMakeFiles/Usar_SSD.dir/lib/FatFs_SPI/ff15/source/ff.c.obj
 .rodata.ExCvt  0x10013950       0x80 CMakeFiles/Usar_SSD.dir/lib/FatFs_SPI/ff15/source/ff.c.obj
 .rodata.LfnOfs
                0x100139d0        0xd CMakeFiles/Usar_SSD.dir/lib/FatFs_SPI/ff15/source/ff.c.obj
 *fill*         0x100139dd        0x3 
 .rodata.GUID_MS_Basic
                0x100139e0       0x10 CMakeFiles/Usar_SSD.dir/lib/FatFs_SPI/ff15/source/ff.c.obj
 .rodata        0x100139f0       0x2c CMakeFiles/Usar_SSD.dir/lib/FatFs_SPI/ff15/source/ff.c.obj
 .rodata.dummy.2
                0x10013a1c        0x1 CMakeFiles/Usar_SSD.dir/lib/FatFs_SPI/sd_driver/spi.c.obj
 .rodata.sd_init.str1.4
                0x10013a1d       0x16 CMakeFiles/Usar_SSD.dir/lib/FatFs_SPI/sd_driver/sd_card.c.obj
 *fill*         0x10013a1d        0x3 
 .rodata.m_Crc16Table
                0x10013a20      0x200 CMakeFiles/Usar_SSD.dir/lib/FatFs_SPI/sd_driver/crc.c.obj
 .rodata.m_Crc7Table
                0x10013c20      0x100 CMakeFiles/Usar_SSD.dir/lib/FatFs_SPI/sd_driver/crc.c.obj
 .rodata.FRESULT_str.str1.4
                0x10013d20        0x8 CMakeFiles/Usar_SSD.dir/lib/FatFs_SPI/src/f_util.c.obj
 .rodata.str1.4
                0x10013d20      0x303 CMakeFiles/Usar_SSD.dir/lib/FatFs_SPI/src/f_util.c.obj
 .rodata.CSWTCH.3
                0x10013d20       0x50 CMakeFiles/Usar_SSD.dir/lib/FatFs_SPI/src/f_util.c.obj
 .rodata.dma_claim_unused_channel.str1.4
                0x10013d70       0x1e CMakeFiles/Usar_SSD.dir/C_/Users/wilto/.pico-sdk/sdk/2.1.1/src/rp2_common/hardware_dma/dma.c.obj
 .rodata._ctype_
                0x10013d70      0x101 C:/Users/wilto/.pico-sdk/toolchain/14_2_Rel1/bin/../lib/gcc/arm-none-eabi/14.2.1/thumb/v6-m/nofp\libg.a(libc_a-ctype_.o)
                0x10013d70                _ctype_
                0x10014024                        . = ALIGN (0x4)
 *fill*         0x10013e71        0x3 
 *(SORT_BY_ALIGNMENT(SORT_BY_NAME(.flashdata*)))
                0x10013e74                        . = ALIGN (0x4)

.ARM.extab
 *(.ARM.extab* .gnu.linkonce.armextab.*)
                0x10013e74                        __exidx_start = .

.ARM.exidx
 *(.ARM.exidx* .gnu.linkonce.armexidx.*)
                0x10013e74                        __exidx_end = .
                0x10013e74                        . = ALIGN (0x4)
                0x10013e74                        __binary_info_start = .

.binary_info    0x10013e74       0x20
 *(.binary_info.keep.*)
 .binary_info.keep.__bi_ptr84
                0x10013e74        0x4 CMakeFiles/Usar_SSD.dir/C_/Users/wilto/.pico-sdk/sdk/2.1.1/src/rp2_common/pico_standard_binary_info/standard_binary_info.c.obj
 .binary_info.keep.__bi_ptr78
                0x10013e78        0x4 CMakeFiles/Usar_SSD.dir/C_/Users/wilto/.pico-sdk/sdk/2.1.1/src/rp2_common/pico_standard_binary_info/standard_binary_info.c.obj
 .binary_info.keep.__bi_ptr54
                0x10013e7c        0x4 CMakeFiles/Usar_SSD.dir/C_/Users/wilto/.pico-sdk/sdk/2.1.1/src/rp2_common/pico_standard_binary_info/standard_binary_info.c.obj
 .binary_info.keep.__bi_ptr48
                0x10013e80        0x4 CMakeFiles/Usar_SSD.dir/C_/Users/wilto/.pico-sdk/sdk/2.1.1/src/rp2_common/pico_standard_binary_info/standard_binary_info.c.obj
 .binary_info.keep.__bi_ptr42
                0x10013e84        0x4 CMakeFiles/Usar_SSD.dir/C_/Users/wilto/.pico-sdk/sdk/2.1.1/src/rp2_common/pico_standard_binary_info/standard_binary_info.c.obj
 .binary_info.keep.__bi_ptr34
                0x10013e88        0x4 CMakeFiles/Usar_SSD.dir/C_/Users/wilto/.pico-sdk/sdk/2.1.1/src/rp2_common/pico_standard_binary_info/standard_binary_info.c.obj
 .binary_info.keep.__bi_ptr26
                0x10013e8c        0x4 CMakeFiles/Usar_SSD.dir/C_/Users/wilto/.pico-sdk/sdk/2.1.1/src/rp2_common/pico_standard_binary_info/standard_binary_info.c.obj
 *(.binary_info.*)
 .binary_info.__bi_ptr197
                0x10013e90        0x4 CMakeFiles/Usar_SSD.dir/C_/Users/wilto/.pico-sdk/sdk/2.1.1/src/rp2_common/pico_stdio_usb/stdio_usb.c.obj
                0x10013e94                        __binary_info_end = .

.rel.dyn        0x10013e94        0x0
 .rel.iplt      0x10013e94        0x0 C:/Users/wilto/.pico-sdk/toolchain/14_2_Rel1/bin/../lib/gcc/arm-none-eabi/14.2.1/thumb/v6-m/nofp/crtbegin.o
                0x10013e94                        . = ALIGN (0x4)

.ram_vector_table
                0x20000000       0xc0
 *(.ram_vector_table)
 .ram_vector_table
                0x20000000       0xc0 CMakeFiles/Usar_SSD.dir/C_/Users/wilto/.pico-sdk/sdk/2.1.1/src/rp2_common/pico_runtime_init/runtime_init.c.obj
                0x20000000                ram_vector_table

.uninitialized_data
                0x200000c0       0x10
                0x200000c0                        . = ALIGN (0x4)
 *(.uninitialized_data*)
 .uninitialized_data
                0x200000c0       0x10 CMakeFiles/Usar_SSD.dir/lib/FatFs_SPI/src/rtc.c.obj

.data           0x200000d0     0x1b28 load address 0x10013e94
                0x200000d0                        __data_start__ = .
 *(vtable)
 *(.time_critical*)
 .time_critical.sem_acquire_timeout_ms
                0x200000d0       0x7c CMakeFiles/Usar_SSD.dir/C_/Users/wilto/.pico-sdk/sdk/2.1.1/src/common/pico_sync/sem.c.obj
                0x200000d0                sem_acquire_timeout_ms
 .time_critical.sem_release
                0x2000014c       0x48 CMakeFiles/Usar_SSD.dir/C_/Users/wilto/.pico-sdk/sdk/2.1.1/src/common/pico_sync/sem.c.obj
                0x2000014c                sem_release
 .time_critical.sem_reset
                0x20000194       0x40 CMakeFiles/Usar_SSD.dir/C_/Users/wilto/.pico-sdk/sdk/2.1.1/src/common/pico_sync/sem.c.obj
                0x20000194                sem_reset
 .time_critical.mutex_enter_blocking
                0x200001d4       0x44 CMakeFiles/Usar_SSD.dir/C_/Users/wilto/.pico-sdk/sdk/2.1.1/src/common/pico_sync/mutex.c.obj
                0x200001d4                mutex_enter_blocking
 .time_critical.mutex_try_enter
                0x20000218       0x40 CMakeFiles/Usar_SSD.dir/C_/Users/wilto/.pico-sdk/sdk/2.1.1/src/common/pico_sync/mutex.c.obj
                0x20000218                mutex_try_enter
 .time_critical.mutex_try_enter_block_until
                0x20000258       0x98 CMakeFiles/Usar_SSD.dir/C_/Users/wilto/.pico-sdk/sdk/2.1.1/src/common/pico_sync/mutex.c.obj
                0x20000258                mutex_try_enter_block_until
 .time_critical.mutex_enter_timeout_ms
                0x200002f0       0x8c CMakeFiles/Usar_SSD.dir/C_/Users/wilto/.pico-sdk/sdk/2.1.1/src/common/pico_sync/mutex.c.obj
                0x200002f0                mutex_enter_timeout_ms
 .time_critical.mutex_exit
                0x2000037c       0x28 CMakeFiles/Usar_SSD.dir/C_/Users/wilto/.pico-sdk/sdk/2.1.1/src/common/pico_sync/mutex.c.obj
                0x2000037c                mutex_exit
 .time_critical.flash_init_boot2_copyout
                0x200003a4       0x30 CMakeFiles/Usar_SSD.dir/C_/Users/wilto/.pico-sdk/sdk/2.1.1/src/rp2_common/hardware_flash/flash.c.obj
 .time_critical.flash_enable_xip_via_boot2
                0x200003d4        0xc CMakeFiles/Usar_SSD.dir/C_/Users/wilto/.pico-sdk/sdk/2.1.1/src/rp2_common/hardware_flash/flash.c.obj
 .time_critical.flash_cs_force